[   0.00000 Iniiaizi cgrp subs cpuse
[    0.00000] Inializing cgroup subys cpu
[    0.000000] Initializingcgrop ubsyscpacc
   000000]Liux vesin 4..0116enericbuilddlg01-a64-021) (gcc version 5.4.0016009(Uunu .40-6ubutu~16..9)  #40-UbutuSMP Mo Fb 2 1:2304UTC 218(Ubuntu 4.4.0-116.140-generc .4.98
[    0.000000] Comad line BOT_IAG=/bot/mlinu-44.0-16geerc rot=ABELcludimrootfro csolett1 conse=ttyS
    .00000KERNEsuppoed cus
[    000000] Int GenneInel
[   .00000]  AMAuthntcAMD
[    0.000000]   Centaur CtaurHas
[    0.00000 x86pu: xstae_ffs[2:  5, xste_siz[2]:256
[    0.000000] x86/fpu: Supporting XSAVE feature 0x01: 'x87 floating point registrs
[   .00000 x86fp: Suortig SAVEfeturex02: 'SS regstrs'[  0.0000] x/fpuSupprtng XAV feature 0x04: 'AVX registers'
[    0.000000] x86/fpu: Enabled xstate features 0x7, context size is 832 bytes, using 'standard' format.
[    0.000000] x86/fpu: Using 'lazy' FPU context switches.
[    0.000000] e820: BIOS-provided physical RAM map:
[    0.000000] BIOS-e820: [mem 0x0000000000000000-0x000000000009fbff] usable
[    0.000000] BIOS-e820: [mem 0x000000000009fc00-0x000000000009ffff] reserved
[    0.000000] BIOS-e820: [mem 0x00000000000f0000-x0000000000ffff] eserd
[   .00000] BIS-e8: [mem x000000000100000-0x00000003feff] usble
[  0.00000]BIOS820:[mm 0x0000003ff000-0x0000003fffffff] ACPI dat
    00000]BIOSe80: [em0x000000fec00000-0x00000000fe00ff] reserved
[   0.0000 BIO-e20: mem 0x00000fe0000-x000000fe0fff]reerve
    0.0000] IOSe820: [em0x000000fc000-0000000ffffff] reserved
[   .00000 NX (xecute Disable) protetin: atie
[  0.0000]MBIO 25 esnt.[    .00000 Hpervso detted:KV
[  0.00000 e82: as_pn = 3fff0 maxrch_fn= 0x00000
[    0.0000] RR: isbled
[   000000]86/P: TRRsdiable, kippinPAT niializion oo
   0000000] PU MRs all ban - rtualiedsystm.
[   00000]x86/AT Conigratin 0-7] W  WT C- U WB WT U UC  
[    0.000000] found SMP MP-table at [mem 0x0009fff0-0x0009ffff] mapped at [fff800009ff0]
[  0.0000] Scnnng aras f low emryorupon
[    0.000000] RAMDISK: [mem 0x36ac2000-0x37558fff]
[    0.000000] ACPI: Early table checksum verification disabled
[    0.000000] ACPI: RSDP 0x000000000E00 0002 (v0 VOX  )
[   0000000] ACPI: XDT0x000000FFF0300000C v01 VB   VOXSDT 000001 A  00000061)
[   0.0000] CP: CP 00000000FF00F0000F (04 VBX  VBOXFCP000001 A  00000061)
   0.0000]ACI: DDT0x000000FF0470001FF (v2 BOX   OXBIO 00002 INTL 201058)
   0.0000]CPI:FAS 0x000003FF020 0004
[    0.000000] ACPI: FACS 0x000000003FFF0200 000040
[    0.000000] ACPI: APIC 0x000000003FFF0240 00005C (v02 VBOX   VBOXAPIC 00000001 ASL  00000061)
[    0.000000] ACPI: SSDT 0x000000003FFF02A0 0001CC (v01 VBOX   VBOXCPUT 00000002 INTL 20100528)
[    0.000000] No NUMA configuration found
[    0.00000]Faking a node at [mem0x0000000000-0x0000003ffeffff
    0.000000]NOE_DA(0) locaed[m 03fb00-0xffffff
[   00000] kvcloc: sing msrs4b564d and4b6400
[  0.00000 kvmlock cu 0, ms 03ffe00, prmay puclock
   0.0000] vmclock: using schedffsetf 34366574 cycle
[    0.000000] clocksorce: km-clock msk: 0fffffffffffff m_cycle: x1c2e4dfb,maxide_ns:8159059143 s
[    0.000000] Zone ranges:
[    0.000000]   DMA      [mem 0x0000000000001000x00000000ffff]
[    0.0000]  MA32  [mm x00000000100000x0000003fffff
    .0000]  Noma   ety
   00000]  Dvie  emp
[   .00000 Movalezone start for ac node
[   0.0000] arly memory node ranges
[    0.000000]   node   0: [mem 0x0000000000001000-0x000000000009efff]
[    0.000000]   node   0:mem 0000000100000-0x000000003ffeff]
    .00000 Inime stu nod 0[mem0x0000000001000x0000003fefff
    .00000] CP: M-imerO Port: 0x4008
[   .0000] IAPC[]:apc_d 2, version 32, adess fec000, I 0-3
[   0000000 API: NTSRC_VR(bs  busirq 0 lobair 2 dl fl)[  00000] PI: T_SROV (bu 0bus_i 9 gobl_ir 9low evl)
   0.0000] Ung ACP(MAD) for SM cnfigraion nfrmatn
[  000000]smpbt: Aowng 2CPs, 0otlug Us
   0.0000] P: egtered sae meor: [mm x000000-0x000f]
[  0.0000 PM:Reisted noav memry [me 0000900-0009fff]
[  .00000] M: Risteednovememo: [m 000a000-000efff
     0.000000] PM: Registered nosave memory: [mem 0x000f0000-0x00ffff
[    000000e820 [em 0x400000xebfff] aaiableor PI evce

[   .000000 Boong prairuaizederneonKVM[    .00000clocourc: efind-iffies:ask:xffffff macycls:0xffffff, ax_ile_n 74551002156 ns[    0.000000]seup_prcu: NR_CPUS:512 nr_cpusk_bits12 n_cu_id:2nr_ne_ids:
[   00000 PERPU Embded 4 age/cu @fff80030000 s954 r82 d328u10476
   0.0000] Pqspinck hshtabl etrie: 56 (rdr:, 4096 bes)
   000000]Bult 1 zoelsts in Node orr, mobity ouping o  Toalpages: 57913
[    0.000000 Pliy one:DM32
[    0.000000] Kernel commndlineBOOTIMGE=/oo/vmlnu-4.0-16-ener root=BEL=lodimgootf ro consle=tty1 console=ttyS0

[    0.000000] PID hash tae enris: 4096 (order: 3 3768 bytes)
[   0.000000]Memoy:1001688K/1048120K available (30K erel code, 1309K rwdata, 3992K rodata, 1508K init, 1316K bss, 46432K reserved, 0K cma-resrved)[    .000000] SLUB: HWalign=64, Order0-3, MnOjects=0, PU=2, Noes=1
   0.00000 Kerl/Use pge tbls islaionenbled
[  0.00000 HiearhicalCU impementaton.
[   .0000] 	uid-time adjustmt ofeaf anou to 4.
[  0.0000] 	R resriti CUs fm NR_CP=512 t n_cp_ids=2
[    000000] U: Austig eomtr forcu_fanutleaf=64 nr_cpu_ids=
    00000]NR_IS:3324nrrq:4 1
[   .00000 Conle: olur VA+80x2
[   00000] coole ty1]nabled
   0.00000] onsole [ttyS0] enabled
[   .000000] tsc: Detected 1992.000 MHz processor
[   31.789605] Calibrating delay loop (skipped) preset value.. 3984.00 BogoMIPS (lpj=7968000)
[   31.909209] pid_max: default: 32768 minimum: 301
[   31.933119] ACPI: Core revision 20150930
[   31.935565] ACPI: 2 ACPI AML tables successfully acquired and loaded
[   31.937559] Security Framework initialized
[   31.988687] Yama: becoming mindful.
[   32.091481] AppArmor: AppArmor initialized
[   32.106657] Dentry cache hash table entries: 131072 (order: 8, 1048576 bytes)
[   32.219166] Inode-cache hash table entries: 65536 (order: 7, 524288 bytes)
[   32.325093] Mount-cache hash table entries: 2048 (order: 2, 16384 bytes)
[   32.456996] Mountpoint-cache hash table entries: 2048 (order: 2, 16384 bytes)
[   32.605421] Initializing cgroup subsys io
[   32.677055] Initializing cgroup subsys memory
[   32.796095] Initializing cgroup subsys devices
[   32.893209] Initializing cgroup subsys freezer
[   32.899830] Initializing cgroup subsys net_cls
[   32.970832] Initializing cgroup subsys perf_event
[   33.085602] Initializing cgroup subsys net_prio
[   33.137854] Initializing cgroup subsys hugetlb
[   33.139152] Initializing cgroup subsys pids
[   33.140460] CPU: Physical Processor ID: 0
[   33.154912] CPU: Processor Core ID: 0
[   33.166530] FEATURE SPEC_CTRL Not Present
[   33.169604] mce: CPU supports 0 MCE banks
[   33.203360] Last level iTLB entries: 4KB 64, 2MB 8, 4MB 8
[   33.352533] Last level dTLB entries: 4KB 64, 2MB 0, 4MB 0, 1GB 4
[   33.487987] Spectre V2 mitigation: Mitigation: Full generic retpoline
[   33.634224] Spectre V2 mitigation: Speculation control IBPB not-supported IBRS not-supported
[   33.822978] Freeing SMP alternatives memory: 32K
[   33.948679] ftrace: allocating 32186 entries in 126 pages
[   34.175540] smpboot: APIC(0) Converting physical 0 to logical package 0
[   34.312338] smpboot: Max logical packages: 1
[   34.398012] x2apic enabled
[   34.460702] Switched APIC routing to physical x2apic.
[   34.536227] ..TIMER: vector=0x30 apic1=0 pin1=2 apic2=-1 pin2=-1
[   34.660258] smpboot: CPU0: Intel(R) Core(TM) i3-6006U CPU @ 2.00GHz (family: 0x6, model: 0x4e, stepping: 0x3)
[   34.869654] Performance Events: unsupported p6 CPU model 78 no PMU driver, software events only.
[   35.038570] KVM setup paravirtual spinlock
[   35.086857] x86: Booting SMP configuration:
[   35.089963] .... node  #0, CPUs:      #1
[   35.091153] kvm-clock: cpu 1, msr 0:3ffe3041, secondary cpu clock
[   35.094422] mce: CPU supports 0 MCE banks
[   35.097258] x86: Booted up 1 node, 2 CPUs
[   35.160375] smpboot: Total of 2 processors activated (7968.00 BogoMIPS)
[   35.276442] devtmpfs: initialized
[   35.293783] evm: security.selinux
[   35.378976] evm: security.SMACK64
[   35.451250] evm: security.SMACK64EXEC
[   35.466412] evm: security.SMACK64TRANSMUTE
[   35.502622] evm: security.SMACK64MMAP
[   35.557715] evm: security.ima
[   35.598652] evm: security.capability
[   35.648318] clocksource: jiffies: mask: 0xffffffff max_cycles: 0xffffffff, max_idle_ns: 7645041785100000 ns
[   35.796612] futex hash table entries: 512 (order: 3, 32768 bytes)
[   35.901906] pinctrl core: initialized pinctrl subsystem
[   35.954472] RTC time:  7:04:15, date: 03/27/18
[   36.044959] NET: Registered protocol family 16
[   36.114625] cpuidle: using governor ladder
[   36.222992] cpuidle: using governor menu
[   36.279288] PCCT header not found.
[   36.284837] ACPI: bus type PCI registered
[   36.360843] acpiphp: ACPI Hot Plug PCI Controller Driver version: 0.5
[   36.513841] PCI: Using configuration type 1 for base access
[   36.603973] ACPI: Added _OSI(Module Device)
[   36.684785] ACPI: Added _OSI(Processor Device)
[   36.738064] ACPI: Added _OSI(3.0 _SCP Extensions)
[   36.743593] ACPI: Added _OSI(Processor Aggregator Device)
[   36.747762] ACPI: Executed 1 blocks of module-level executable AML code
[   36.754807] ACPI: Interpreter enabled
[   36.778801] ACPI: (supports S0 S5)
[   36.780213] ACPI: Using IOAPIC for interrupt routing
[   36.868772] PCI: Using host bridge windows from ACPI; if necessary, use "pci=nocrs" and report a bug
[   37.042803] ACPI: PCI Root Bridge [PCI0] (domain 0000 [bus 00-ff])
[   37.154161] acpi PNP0A03:00: _OSC: OS supports [ASPM ClockPM Segments MSI]
[   37.223254] acpi PNP0A03:00: _OSC: not requesting OS control; OS requires [ExtendedConfig ASPM ClockPM MSI]
[   37.233845] acpi PNP0A03:00: fail to add MMCONFIG information, can't access extended PCI configuration space under this bridge.
[   37.266525] PCI host bridge to bus 0000:00
[   37.343473] pci_bus 0000:00: root bus resource [io  0x0000-0x0cf7 window]
[   37.461359] pci_bus 0000:00: root bus resource [io  0x0d00-0xffff window]
[   37.490817] pci_bus 0000:00: root bus resource [mem 0x000a0000-0x000bffff window]
[   37.562796] pci_bus 0000:00: root bus resource [mem 0x40000000-0xfdffffff window]
[   37.664767] pci_bus 0000:00: root bus resource [bus 00-ff]
[   37.794539] pci 0000:00:01.1: legacy IDE quirk: reg 0x10: [io  0x01f0-0x01f7]
[   37.899269] pci 0000:00:01.1: legacy IDE quirk: reg 0x14: [io  0x03f6]
[   37.918903] pci 0000:00:01.1: legacy IDE quirk: reg 0x18: [io  0x0170-0x0177]
[   37.940069] pci 0000:00:01.1: legacy IDE quirk: reg 0x1c: [io  0x0376]
[   38.112803] pci 0000:00:07.0: quirk: [io  0x4000-0x403f] claimed by PIIX4 ACPI
[   38.193474] pci 0000:00:07.0: quirk: [io  0x4100-0x410f] claimed by PIIX4 SMB
[   38.274453] ACPI: PCI Interrupt Link [LNKA] (IRQs 5 9 10 *11)
[   38.353016] ACPI: PCI Interrupt Link [LNKB] (IRQs 5 9 *10 11)
[   38.455002] ACPI: PCI Interrupt Link [LNKC] (IRQs 5 *9 10 11)
[   38.479167] ACPI: PCI Interrupt Link [LNKD] (IRQs 5 9 10 *11)
[   38.514436] ACPI: Enabled 2 GPEs in block 00 to 07
[   38.537630] vgaarb: setting as boot device: PCI:0000:00:02.0
[   38.617286] vgaarb: device added: PCI:0000:00:02.0,decodes=io+mem,owns=io+mem,locks=none
[   38.805123] vgaarb: loaded
[   38.859391] vgaarb: bridge control possible 0000:00:02.0
[   38.901555] SCSI subsystem initialized
[   38.909803] ACPI: bus type USB registered
[   38.920727] usbcore: registered new interface driver usbfs
[   38.949118] usbcore: registered new interface driver hub
[   38.988733] usbcore: registered new device driver usb
[   39.027112] PCI: Using ACPI for IRQ routing
[   39.056345] NetLabel: Initializing
[   39.064510] NetLabel:  domain hash size = 128
[   39.109066] NetLabel:  protocols = UNLABELED CIPSOv4
[   39.144138] NetLabel:  unlabeled traffic allowed by default
[   39.160223] amd_nb: Cannot enumerate AMD northbridges
[   39.256215] clocksource: Switched to clocksource kvm-clock
[   9.01] ppArmo: pAmoFiesystem Enabled
[ 397811 pn: nPAC iit[ 40038] p: P PIfod deic
[   41.036426] clocksource: acpi_pm: mask: 0xffffff max_cycles: 0xffffff, max_idle_ns: 2085701024 ns
[   41.242836] NET: Registered protocol family 2
[   41.343744] TCP established hash table entries: 8192 (order: 4, 65536 bytes)
[   41.528963] TCP bind hash table entries: 8192 (order: 5, 131072 bytes)
[   41.568356] TCP: Hash tables configured (established 8192 bind 8192)
[   41.674326] UDP hash table entries: 512 (order: 2, 16384 bytes)
[   41.798788] UDP-Lite hash table entries: 512 (order: 2, 16384 bytes)
[   41.878912] NET: Registered protocol family 1
[   42.005819] pci 0000:00:00.0: Limiting direct PCI/PCI transfers
[   42.127772] pci 0000:00:01.0: Activating ISA DMA hang workarounds
[   42.184819] Unpacking initramfs...
[   44.876327] Freeing initrd memory: 10844K
[   44.893838] platform rtc_cmos: registered platform RTC device (no PNP device found)
[   45.093603] Scanning for low memory corruption every 60 seconds
[   45.219387] audit: initializing netlink subsys (disabled)
[   45.285512] audit: type=2000 audit(1522134230.612:1): initialized
[   45.356121] Initialise system trusted keyring
[   45.365395] HugeTLB registered 2 MB page size, pre-allocated 0 pages
[   45.371552] zbud: loaded
[   45.372909] VFS: Disk quotas dquot_6.6.0
[   45.375310] VFS: Dquot-cache hash table entries: 512 (order 0, 4096 bytes)
[   45.386844] squashfs: version 4.0 (2009/01/31) Phillip Lougher
[   45.388679] fuse init (API version 7.23)
[   45.390998] Key type big_key registered
[   45.398362] Allocating IMA MOK and blacklist keyrings.
[   45.402476] Key type asymmetric registered
[   45.512328] Asymmetric key parser 'x509' registered
[   45.657656] Block layer SCSI generic (bsg) driver version 0.4 loaded (major 249)
[   45.878813] io scheduler noop registered
[   45.897478] tsc: Refined TSC clocksource calibration: 1991.981 MHz
[   45.906221] clocksource: tsc: mask: 0xffffffffffffffff max_cycles: 0x396d2e2b36f, max_idle_ns: 881590739068 ns
[   45.906253] io scheduler deadline registered (default)
[   45.906310] io scheduler cfq registered
ÿ[   45.906438] pci_hotplug: PCI Hot Plug PCI Core version: 0.5
[   45.906445] pciehp: PCI Express Hot Plug Controller Driver version: 0.4
[   45.906606] ACPI: AC Adapter [AC] (on-line)
[   45.906672] input: Power Button as /devices/LNXSYSTM:00/LNXPWRBN:00/input/input0
[   45.906675] ACPI: Power Button [PWRF]
[   45.906763] input: Sleep Button as /devices/LNXSYSTM:00/LNXSLPBN:00/input/input1
[   45.906765] ACPI: Sleep Button [SLPF]
[   46.088529] GHES: HEST is not enabled!
[   46.089500] ACPI: Battery Slot [BAT0] (battery present)
[   46.089554] Serial: 8250/16550 driver, 32 ports, IRQ sharing enabled
[   46.196449] 00:02: ttyS0 at I/O 0x3f8 (irq = 4, base_baud = 115200) is a 16550A
[   46.200238] Linux agpgart interface v0.103
[   46.203720] loop: module loaded
[   46.204425] scsi host0: ata_piix
[   46.204496] scsi host1: ata_piix
[   46.204554] ata1: PATA max UDMA/33 cmd 0x1f0 ctl 0x3f6 bmdma 0xd000 irq 14
[   46.204556] ata2: PATA max UDMA/33 cmd 0x170 ctl 0x376 bmdma 0xd008 irq 15
[   46.204649] libphy: Fixed MDIO Bus: probed
[   46.204652] tun: Universal TUN/TAP device driver, 1.6
[   46.204653] tun: (C) 1999-2004 Max Krasnyansky <maxk@qualcomm.com>
[   46.205037] PPP generic driver version 2.4.2
[   46.205103] ehci_hcd: USB 2.0 'Enhanced' Host Controller (EHCI) Driver
[   46.205107] ehci-pci: EHCI PCI platform driver
[   46.205119] ehci-platform: EHCI generic platform driver
[   46.205129] ohci_hcd: USB 1.1 'Open' Host Controller (OHCI) Driver
[   46.205132] ohci-pci: OHCI PCI platform driver
[   46.205142] ohci-platform: OHCI generic platform driver
[   46.205151] uhci_hcd: USB Universal Host Controller Interface driver
[   46.205213] i8042: PNP: PS/2 Controller [PNP0303:PS2K,PNP0f03:PS2M] at 0x60,0x64 irq 1,12
[   46.205879] serio: i8042 KBD port at 0x60,0x64 irq 1
[   46.205884] serio: i8042 AUX port at 0x60,0x64 irq 12
[   46.206010] mousedev: PS/2 mouse device common for all mice
[   46.206399] input: AT Translated Set 2 keyboard as /devices/platform/i8042/serio0/input/input2
[   46.206817] rtc_cmos rtc_cmos: rtc core: registered rtc_cmos as rtc0
[   46.206893] rtc_cmos rtc_cmos: alarms up to one day, 114 bytes nvram
[   46.206901] i2c /dev entries driver
[   46.206960] device-mapper: uevent: version 1.0.3
[   46.207027] device-mapper: ioctl: 4.34.0-ioctl (2015-10-28) initialised: dm-devel@redhat.com
[   46.207055] ledtrig-cpu: registered to indicate activity on CPUs
[   46.207376] NET: Registered protocol family 10
[   46.207614] NET: Registered protocol family 17
[   46.207631] Key type dns_resolver registered
[   46.207816] microcode: CPU0 sig=0x406e3, pf=0x2, revision=0x0
[   46.220641] microcode: CPU1 sig=0x406e3, pf=0x2, revision=0x0
[   46.220722] microcode: Microcode Update Driver: v2.01 <tigran@aivazian.fsnet.co.uk>, Peter Oruba
[   46.220877] registered taskstats version 1
[   46.220894] Loading compiled-in X.509 certificates
[   46.221723] Loaded X.509 cert 'Build time autogenerated kernel key: aa84f01984fbd529c105810b59e379d349698248'
[   46.221749] zswap: loaded using pool lzo/zbud
[   46.224546] Key type trusted registered
[   46.229624] Key type encrypted registered
[   46.229631] AppArmor: AppArmor sha1 policy hashing enabled
[   46.229635] ima: No TPM chip found, activating TPM-bypass!
[   46.229660] evm: HMAC attrs: 0x1
[   46.230013]   Magic number: 10:264:67
[   46.247116] rtc_cmos rtc_cmos: setting system clock to 2018-03-27 07:04:25 UTC (1522134265)
[   46.247242] BIOS EDD facility v0.16 2004-Jun-25, 0 devices found
[   46.247242] EDD information not available.
[   49.380079] Freeing unused kernel memory: 1508K
[   50.543776] Write protecting the kernel read-only data: 14336k
[   50.615385] Freeing unused kernel memory: 1700K
[   50.693480] Freeing unused kernel memory: 104K
Loading, please wait...
startin[   50.762332] random: systemd-udevd: uninitialized urandom read (16 bytes read, 9 bits of entropy available)
g version 229
[   50.763247] random: udevadm: uninitialized urandom read (16 bytes read, 9 bits of entropy available)
[   50.763277] random: udevadm: uninitialized urandom read (16 bytes read, 9 bits of entropy available)
[   50.778460] random: udevadm: uninitialized urandom read (16 bytes read, 9 bits of entropy available)
[   50.778526] random: udevadm: uninitialized urandom read (16 bytes read, 9 bits of entropy available)
[   50.778745] random: udevadm: uninitialized urandom read (16 bytes read, 9 bits of entropy available)
[   50.778827] random: udevadm: uninitialized urandom read (16 bytes read, 9 bits of entropy available)
[   50.778908] random: udevadm: uninitialized urandom read (16 bytes read, 9 bits of entropy available)
[   50.778989] random: udevadm: uninitialized urandom read (16 bytes read, 9 bits of entropy available)
[   50.779267] random: udevadm: uninitialized urandom read (16 bytes read, 9 bits of entropy available)
[   52.179626] e1000: Intel(R) PRO/1000 Network Driver - version 7.3.21-k8-NAPI
[   52.188451] e1000: Copyright (c) 1999-2006 Intel Corporation.
[   52.205332] Fusion MPT base driver 3.04.20
[   52.260760] Copyright (c) 1999-2008 LSI Corporation
[   52.339041] Fusion MPT SPI Host driver 3.04.20
[   52.377847] AVX2 version of gcm_enc/dec engaged.
[   52.420126] AES CTR mode by8 optimization enabled
[   52.514308] input: ImExPS/2 Generic Explorer Mouse as /devices/platform/i8042/serio1/input/input4
[   52.762415] e1000 0000:00:03.0 eth0: (PCI:33MHz:32-bit) 02:27:b7:20:75:f7
[   52.875911] e1000 0000:00:03.0 eth0: Intel(R) PRO/1000 Network Connection
[   52.890874] mptbase: ioc0: Initiating bringup
[   52.891651] e1000 0000:00:03.0 enp0s3: renamed from eth0
[   53.160359] ioc0: LSI53C1030 A0: Capabilities={Initiator}
[   53.668864] scsi host2: ioc0: LSI53C1030 A0, FwRev=00000000h, Ports=1, MaxQ=256, IRQ=20
[   53.931179] scsi 2:0:0:0: Direct-Access     VBOX     HARDDISK         1.0  PQ: 0 ANSI: 5
[   54.499789] scsi target2:0:0: Beginning Domain Validation
[   54.602267] scsi target2:0:0: Domain Validation skipping write tests
[   54.663559] scsi target2:0:0: Ending Domain Validation
[   54.669302] scsi target2:0:0: asynchronous
[   55.438661] floppy0: no floppy controllers found
[   55.474227] scsi 2:0:1:0: Direct-Access     VBOX     HARDDISK         1.0  PQ: 0 ANSI: 5
[   55.501465] scsi target2:0:1: Beginning Domain Validation
[   55.513087] scsi target2:0:1: Domain Validation skipping write tests
[   55.525654] scsi target2:0:1: Ending Domain Validation
[   55.552376] scsi target2:0:1: asynchronous
[   55.612859] sd 2:0:0:0: Attached scsi generic sg0 type 0
[   55.613012] sd 2:0:0:0: [sda] 20971520 512-byte logical blocks: (10.7 GB/10.0 GiB)
[   55.613175] sd 2:0:0:0: [sda] Write Protect is off
[   55.613280] sd 2:0:0:0: [sda] Incomplete mode parameter data
[   55.613282] sd 2:0:0:0: [sda] Assuming drive cache: write through
[   55.616697]  sda: sda1
[   55.617753] sd 2:0:0:0: [sda] Attached SCSI disk
[   55.822145] sd 2:0:1:0: [sdb] 20480 512-byte logical blocks: (10.5 MB/10.0 MiB)
[   55.955078] sd 2:0:1:0: Attached scsi generic sg1 type 0
[   55.976902] sd 2:0:1:0: [sdb] Write Protect is off
[   56.016967] sd 2:0:1:0: [sdb] Incomplete mode parameter data
[   56.027986] sd 2:0:1:0: [sdb] Assuming drive cache: write through
[   56.083484] sd 2:0:1:0: [sdb] Attached SCSI disk
Begin: Loading e[   57.680404] md: linear personality registered for level -1
ssential drivers[   57.790540] md: multipath personality registered for level -4
 ... [   57.842369] md: raid0 personality registered for level 0
[   57.878549] md: raid1 personality registered for level 1
[   58.028298] raid6: sse2x1   gen()  6310 MB/s
[   58.140240] raid6: sse2x1   xor()  4914 MB/s
[   58.320701] raid6: sse2x2   gen()  8241 MB/s
[   58.520946] raid6: sse2x2   xor()  5660 MB/s
[   58.696583] raid6: sse2x4   gen()  9427 MB/s
[   58.852587] raid6: sse2x4   xor()  5602 MB/s
[   58.960583] raid6: avx2x1   gen() 12331 MB/s
[   59.104783] raid6: avx2x2   gen() 15274 MB/s
[   59.256927] raid6: avx2x4   gen() 16630 MB/s
[   59.342941] raid6: using algorithm avx2x4 gen() 16630 MB/s
[   59.411984] raid6: using avx2x2 recovery algorithm
[   59.424831] xor: automatically using best checksumming function:
[   59.512610]    avx       : 10755.000 MB/sec
[   59.634966] async_tx: api initialized (async)
[   59.718133] md: raid6 personality registered for level 6
[   59.844678] md: raid5 personality registered for level 5
[   59.932720] md: raid4 personality registered for level 4
[   60.055157] md: raid10 personality registered for level 10
done.
Begin: Running /scripts/init-premount ... done.
Begin: M[   60.215262] Btrfs loaded
ounting root file system ... Begin: Running /scripts/local-top .[   60.333700] EXT4-fs (sda1): mounted filesystem with ordered data mode. Opts: (null)
.. done.
Begin: Running /scripts/local-premount ... Scanning for Btrfs filesystems
done.
Warning: fsck not present, so skipping root file system
done.
Begin: Running /scripts/local-bottom ... done.
Begin: Running /scripts/init-bottom ... done.
[   60.671513] systemd[1]: systemd 229 running in system mode. (+PAM +AUDIT +SELINUX +IMA +APPARMOR +SMACK +SYSVINIT +UTMP +LIBCRYPTSETUP +GCRYPT +GNUTLS +ACL +XZ -LZ4 +SECCOMP +BLKID +ELFUTILS +KMOD -IDN)
[   60.986570] systemd[1]: Detected virtualization oracle.
[   60.999021] systemd[1]: Detected architecture x86-64.

Welcome to [1mUbuntu 16.04.4 LTS[0m!

[   61.049642] systemd[1]: Set hostname to <ubuntu-xenial>.
[   61.199580] random: nonblocking pool is initialized
[   61.355053] systemd[1]: Listening on Journal Socket (/dev/log).
[[0;32m  OK  [0m] Listening on Journal Socket (/dev/log).
[   61.388620] systemd[1]: Listening on udev Kernel Socket.
[[0;32m  OK  [0m] Listening on udev Kernel Socket.
[   61.440670] systemd[1]: Reached target Encrypted Volumes.
[[0;32m  OK  [0m] Reached target Encrypted Volumes.
[   61.496655] systemd[1]: Reached target Swap.
[[0;32m  OK  [0m] Reached target Swap.
[   61.537083] systemd[1]: Listening on Journal Socket.
[[0;32m  OK  [0m] Listening on Journal Socket.
[   61.646591] systemd[1]: Started Forward Password Requests to Wall Directory Watch.
[[0;32m  OK  [0m] Started Forward Password Requests to Wall Directory Watch.
[   61.853550] systemd[1]: Listening on udev Control Socket.
[[0;32m  OK  [0m] Listening on udev Control Socket.
[   61.981569] systemd[1]: Listening on Device-mapper event daemon FIFOs.
[[0;32m  OK  [0m] Listening on Device-mapper event daemon FIFOs.
[   62.148705] systemd[1]: Started Trigger resolvconf update for networkd DNS.
[[0;32m  OK  [0m] Started Trigger resolvconf update for networkd DNS.
[   62.373867] systemd[1]: Set up automount Arbitrary Executable File Formats File System Automount Point.
[[0;32m  OK  [0m] Set up automount Arbitrary Executab...ats File System Automount Point.
[   62.549627] systemd[1]: Listening on Syslog Socket.
[[0;32m  OK  [0m] Listening on Syslog Socket.
[   62.677298] systemd[1]: Created slice User and Session Slice.
[[0;32m  OK  [0m] Created slice User and Session Slice.
[   62.889664] systemd[1]: Reached target User and Group Name Lookups.
[[0;32m  OK  [0m] Reached target User and Group Name Lookups.
[   63.098429] systemd[1]: Listening on LVM2 poll daemon socket.
[[0;32m  OK  [0m] Listening on LVM2 poll daemon socket.
[   63.242267] systemd[1]: Listening on LVM2 metadata daemon socket.
[[0;32m  OK  [0m] Listening on LVM2 metadata daemon socket.
[   63.446922] systemd[1]: Created slice System Slice.
[[0;32m  OK  [0m] Created slice System Slice.
[   63.621483] systemd[1]: Starting Monitoring of LVM2 mirrors, snapshots etc. using dmeventd or progress polling...
         Starting Monitoring of LVM2 mirrors... dmeventd or progress polling...
[   63.764593] systemd[1]: Starting Create list of required static device nodes for the current kernel...
         Starting Create list of required st... nodes for the current kernel...
[   64.021233] systemd[1]: Starting Nameserver information manager...
         Starting Nameserver information manager...
[   64.168561] systemd[1]: Starting Uncomplicated firewall...
         Starting Uncomplicated firewall...
[   64.361486] systemd[1]: Mounting POSIX Message Queue File System...
         Mounting POSIX Message Queue File System...
[   64.494437] systemd[1]: Created slice system-serial\x2dgetty.slice.
[[0;32m  OK  [0m] Created slice system-serial\x2dgetty.slice.
[   64.700905] systemd[1]: Starting Set console keymap...
         Starting Set console keymap...
[   64.848440] systemd[1]: Reached target Slices.
[[0;32m  OK  [0m] Reached target Slices.
[   65.009300] systemd[1]: Mounting Debug File System...
         Mounting Debug File System...
[   65.081127] systemd[1]: Starting Remount Root and Kernel File Systems...
[   65.095716] EXT4-fs (sda1): re-mounted. Opts: (null)
         Starting Remount Root and Kernel File Systems...
[   65.340808] systemd[1]: Mounting Huge Pages File System...
         Mounting Huge Pages File System...
[   65.504896] systemd[1]: Starting Load Kernel Modules...
[   65.534946]oangSCI transport clss2.87
         Startin[   66.005253] iscsi: registered transport (tcp)
g Load Kernel Modules...
[   66.156710] systemd[1]: Listening on Journal Audit Socket.
[   .113 isiregisterd tnsrtis) [[0;32m  OK  [0m] Listening on Journal Audit Socket.
[   66.920516] systemd[1]: Starting Journal Service...
         Starting Journal Service...
[   67.085926] systemd[1]: Listening on /dev/initctl Compatibility Named Pipe.
[[0;32m  OK  [0m] Listening on /dev/initctl Compatibility Named Pipe.
[   67.246590] systemd[1]: Mounted POSIX Message Queue File System.
[[0;32m  OK  [0m] Mounted POSIX Message Queue File System.
[   67.358253] systemd[1]: Mounted Huge Pages File System.
[[0;32m  OK  [0m] Mounted Huge Pages File System.
[   67.537845] systemd[1]: Mounted Debug File System.
[[0;32m  OK  [0m] Mounted Debug File System.
[   67.678120] systemd[1]: Started Journal Service.
[[0;32m  OK  [0m] Started Journal Service.
[[0;32m  OK  [0m] Started Create list of required sta...ce nodes for the current kernel.
[[0;32m  OK  [0m] Started Uncomplicated firewall.
[[0;32m  OK  [0m] Started Set console keymap.
[[0;32m  OK  [0m] Started Remount Root and Kernel File Systems.
[[0;32m  OK  [0m] Started Load Kernel Modules.
[[0;32m  OK  [0m] Started Nameserver information manager.
[[0;32m  OK  [0m] Started LVM2 metadata daemon.
         Mounting FUSE Control File System...
         Starting Apply Kernel Variables...
         Starting Initial cloud-init job (pre-networking)...
         Starting udev Coldplug all Devices...
         Starting Load/Save Random Seed...
         Starting Create Static Device Nodes in /dev...
         Starting Flush Journal to Persistent Storage...
[[0;32m  OK  [0m] Mounted FUSE Control File System.
[[0;32m  OK  [0m] Started Apply Kernel Variables.
[[0;32m  OK  [0m] Started Monitoring of LVM2 mirrors,...ng dmeventd or progress polling.
[[0;32m  OK  [0m] Started Load/Save Random Seed.
[[0;32m  OK  [0m] Started Create Static Device Nodes in /dev.
[[0;32m  OK  [0m] Started udev Coldplug all Devices.
[[0;32m  OK  [0m] Started Flush Journal to Persistent Storage.
         Starting udev Kernel Device Manager...
[[0;32m  OK  [0m] Started udev Kernel Device Manager.
[[0;32m  OK  [0m] Reached target Local File Systems (Pre).
[[0;32m  OK  [0m] Reached target Local File Systems.
         Starting Set console font and keymap...
         Starting Create Volatile Files and Directories...
         Starting Tell Plymouth To Write Out Runtime Data...
         Starting LSB: AppArmor initialization...
[[0;32m  OK  [0m] Started Dispatch Password Requests to Console Directory Watch.
[[0;32m  OK  [0m] Started Create Volatile Files and Directories.
[[0;32m  OK  [0m] Started Tell Plymouth To Write Out Runtime Data.
[[0;32m  OK  [0m] Found device /dev/ttyS0.
[[0;32m  OK  [0m] Reached target System Time Synchronized.
         Starting Update UTMP about System Boot/Shutdown...
[[0;32m  OK  [0m] Started Update UTMP about System Boot/Shutdown.
[[0;32m  OK  [0m] Started Set console font and keymap.
[[0;32m  OK  [0m] Created slice system-getty.slice.
[[0;32m  OK  [0m] Found device 82540EM Gigabit Ethern...r (PRO/1000 MT Desktop Adapter).
[   32.081421] cloud-init[451]: Cloud-init v. 17.1 running 'init-local' at Tue, 27 Mar 2018 07:04:49 +0000. Up 31.14 seconds.
[[0;32m  OK  [0m] Started LSB: AppArmor initialization.
[[0;32m  OK  [0m] Started Initial cloud-init job (pre-networking).
[[0;32m  OK  [0m] Reached target Network (Pre).
[[0;32m  OK  [0m] Listening on Load/Save RF Kill Switch Status /dev/rfkill Watch.
         Starting Raise network interfaces...
[[0;32m  OK  [0m] Started ifup for enp0s3.
[[0;32m  OK  [0m] Started Raise network interfaces.
[[0;32m  OK  [0m] Reached target Network.
         Starting Initial cloud-init job (metadata service crawler)...
[   35.198625] cloud-init[970]: Cloud-init v. 17.1 running 'init' at Tue, 27 Mar 2018 07:04:52 +0000. Up 34.75 seconds.
[   35.297400] cloud-init[970]: ci-info: +++++++++++++++++++++++++++++++++++++Net device info++++++++++++++++++++++++++++++++++++++
[   35.297914] cloud-init[970]: ci-info: +--------+------+----------------------------+---------------+-------+-------------------+
[[0;32m  OK  [0m] Started Initial cloud-init job (metadata service crawler).
[   35.298178] cloud-init[970]: ci-info: | Device |  Up  |          Address           |      Mask     | Scope |     Hw-Address    |
[   35.869015] cloud-init[970]: ci-info: +--------+------+----------------------------+---------------+-------+-------------------+
[   35.870026] cloud-init[970]: ci-info: | enp0s3 | True |         10.0.2.15          | 255.255.255.0 |   .   | 02:27:b7:20:75:f7 |
[[0;32m  OK  [0m] Reached target Cloud-config availability.
[   35.870448] cloud-init[970]: ci-info: | enp0s3 | True | fe80::27:b7ff:fe20:75f7/64 |       .       |  link | 02:27:b7:20:75:f7 |
[   36.285964] cloud-init[970]: ci-info: |   lo   | True |         127.0.0.1          |   255.0.0.0   |   .   |         .         |
[[0;32m  OK  [0m] Reached target System Initialization.
[   36.286098] cloud-init[970]: ci-info: |   lo   | True |          ::1/128           |       .       |  host |         .         |
[   36.901321] cloud-init[970]: ci-info: +--------+------+----------------------------+---------------+-------+-------------------+
[   36.902459] cloud-init[970]: ci-info: +++++++++++++++++++++++++++Route IPv4 info++++++++++++++++++++++++++++
         Starting LXD - unix socket.
[   36.902860] cloud-init[970]: ci-info: +-------+-------------+----------+---------------+-----------+-------+
[   37.388249] cloud-init[970]: ci-info: | Route | Destination | Gateway  |    Genmask    | Interface | Flags |
[   37.389954] cloud-init[970]: ci-info: +-------+-------------+----------+---------------+-----------+-------+
[[0;32m  OK  [0m] Started ACPI Events Check.
[[   37.390667] cllud-init[970]: ci-info: |   0   |   0.0.0.0   | 10.0.2.2 |    0.0.0.0    |   enp0s3  |   UG  |
[   37.736563] cloud-init[970]: ci-info: |   1   |   10.0.2.0  | 0.0.0.0  | 255.255.255.0 |   enp0s3  |   U   |
[0;32m  OK  [0m] Reached target Paths.
[   37.736995] cloud-init[970]: ci-info: +-------+-------------+----------+---------------+-----------+-------+
[[0;32m  OK  [0m] Listening on UUID daemon activation socket.
[[0;32m  OK  [0m] Listening on D-Bus System Message Bus Socket.
[[0;32m  OK  [0m] Listening on ACPID Listen Socket.
         Starting Socket activation for snappy daemon.
[[0;32m  OK  [0m] Started Daily Cleanup of Temporary Directories.
[[0;32m  OK  [0m] Started Timer to automatically refresh installed snaps.
[[0;32m  OK  [0m] Started Daily apt download activities.
[[0;32m  OK  [0m] Started Daily apt upgrade and clean activities.
[[0;32m  OK  [0m] Reached target Timers.
[[0;32m  OK  [0m] Reached target Network is Online.
         Starting iSCSI initiator daemon (iscsid)...
[[0;32m  OK  [0m] Listening on LXD - unix socket.
[[0;32m  OK  [0m] Listening on Socket activation for snappy daemon.
[[0;32m  OK  [0m] Started iSCSI initiator daemon (iscsid).
         Starting Login to default iSCSI targets...
[[0;32m  OK  [0m] Reached target Sockets.
[[0;32m  OK  [0m] Reached target Basic System.
[[0;32m  OK  [0m] Started FUSE filesystem for LXC.
         Starting Apply the settings specified in cloud-config...
         Starting Snappy daemon...
         Starting System Logging Service...
[[0;32m  OK  [0m] Started ACPI event daemon.
         Starting Login Service...
         Starting MySQL Community Server...
[[0;32m  OK  [0m] Started Regular background program processing daemon.
[[0;32m  OK  [0m] Started Deferred execution scheduler.
         Starting LSB: MD monitoring daemon...
         Starting /etc/rc.local Compatibility...
         Starting LSB: Record successful boot for GRUB...
         Starting LXD - container startup/shutdown...
[[0;32m  OK  [0m] Started Unattended Upgrades Shutdown.
         Starting Accounts Service...
[   40.514520] cloud-init[1035]: Cloud-init v. 17.1 running 'modules:config' at Tue, 27 Mar 2018 07:04:58 +0000. Up 40.29 seconds.
         Starting OpenBSD Secure Shell server...
[[0;32m  OK  [0m] Started D-Bus System Message Bus.
[[0;32m  OK  [0m] Started System Logging Service.
[[0;32m  OK  [0m] Started Snappy daemon.
[[0;32m  OK  [0m] Started OpenBSD Secure Shell server.
[[0;32m  OK  [0m] Started Apply the settings specified in cloud-config.
[[0;32m  OK  [0m] Started /etc/rc.local Compatibility.
[[0;32m  OK  [0m] Started LXD - container startup/shutdown.
[[0;32m  OK  [0m] Started Login to default iSCSI targets.
[[0;32m  OK  [0m] Started LSB: MD monitoring daemon.
[[0;32m  OK  [0m] Started LSB: Record successful boot for GRUB.
[[0;32m  OK  [0m] Started Login Service.
         Starting Authenticate and Authorize Users to Run Privileged Tasks...
[[0;32m  OK  [0m] Reached target Remote File Systems (Pre).
[[0;32m  OK  [0m] Reached target Remote File Systems.
         Starting LSB: Set the CPU Frequency Scaling governor to "ondemand"...
         Starting LSB: Apache2 web server...
         Starting LSB: VirtualBox Linux Additions...
         Starting LSB: automatic crash report generation...
         Starting Permit User Sessions...
         Starting LSB: daemon to balance interrupts for SMP systems...
[[0;32m  OK  [0m] Started MySQL Community Server.
[[0;32m  OK  [0m] Started Permit User Sessions.
[[0;32m  OK  [0m] Started Authenticate and Authorize Users to Run Privileged Tasks.
[[0;32m  OK  [0m] Started Accounts Service.
[[0;32m  OK  [0m] Started LSB: Set the CPU Frequency Scaling governor to "ondemand".
         Starting Terminate Plymouth Boot Screen...
         Starting Hold until boot process finishes up...
[[0;32m  OK  [0m] Started LSB: VirtualBox Linux Additions.
[[0;32m  OK  [0m] Started LSB: automatic crash report generation.
[[0;32m  OK  [0m] Started LSB: daemon to balance interrupts for SMP systems.
[[0;32m  OK  [0m] Started Terminate Plymouth Boot Screen.
[[0;32m  OK  [0m] Started Hold until boot process finishes up.
         Starting Set console scheme...
[[0;32m  OK  [0m] Started Getty on tty1.
[[0;32m  OK  [0m] Started Serial Getty on ttyS0.
[[0;32m  OK  [0m] Reached target Login Prompts.
[[0;32m  OK  [0m] Started Set console scheme.
[[0;32m  OK  [0m] Started LSB: Apache2 web server.
[[0;32m  OK  [0m] Reached target Multi-User System.
         Starting Execute cloud user/final scripts...
[[0;32m  OK  [0m] Reached target Graphical Interface.
         Starting Update UTMP about System Runlevel Changes...
[[0;32m  OK  [0m] Started Update UTMP about System Runlevel Changes.
[   45.017177] cloud-init[1324]: Cloud-init v. 17.1 running 'modules:final' at Tue, 27 Mar 2018 07:05:02 +0000. Up 44.84 seconds.
[[0;32m  OK  [0m] Started Execute cloud user/final scripts.
[   45.175765] cloud-init[1324]: Cloud-init v. 17.1 finished at Tue, 27 Mar 2018 07:05:02 +0000. Datasource DataSourceNoCloud [seed=/dev/sdb][dsmode=net].  Up 45.00 seconds
[[0;32m  OK  [0m] Reached target Cloud-init target.

Ubuntu 16.04.4 LTS ubuntu-xenial ttyS0

ubuntu-xenial login: [ 2816.560224] e1000 0000:00:03.0 enp0s3: Detected Tx Unit Hang
[ 2816.560224]   Tx Queue             <0>
[ 2816.560224]   TDH                  <24>
[ 2816.560224]   TDT                  <26>
[ 2816.560224]   next_to_use          <26>
[ 2816.560224]   next_to_clean        <24>
[ 2816.560224] buffer_info[next_to_clean]
[ 2816.560224]   time_stamp           <10009737f>
[ 2816.560224]   next_to_watch        <25>
[ 2816.560224]   jiffies              <100097505>
[ 2816.560224]   next_to_watch.status <0>
[ 2818.564038] e1000 0000:00:03.0 enp0s3: Detected Tx Unit Hang
[ 2818.564038]   Tx Queue             <0>
[ 2818.564038]   TDH                  <24>
[ 2818.564038]   TDT                  <26>
[ 2818.564038]   next_to_use          <26>
[ 2818.564038]   next_to_clean        <24>
[ 2818.564038] buffer_info[next_to_clean]
[ 2818.564038]   time_stamp           <10009737f>
[ 2818.564038]   next_to_watch        <25>
[ 2818.564038]   jiffies              <1000976fa>
[ 2818.564038]   next_to_watch.status <0>
[ 2820.571426] e1000 0000:00:03.0 enp0s3: Detected Tx Unit Hang
[ 2820.571426]   Tx Queue             <0>
[ 2820.571426]   TDH                  <24>
[ 2820.571426]   TDT                  <26>
[ 2820.571426]   next_to_use          <26>
[ 2820.571426]   next_to_clean        <24>
[ 2820.571426] buffer_info[next_to_clean]
[ 2820.571426]   time_stamp           <10009737f>
[ 2820.571426]   next_to_watch        <25>
[ 2820.571426]   jiffies              <1000978f0>
[ 2820.571426]   next_to_watch.status <0>
[ 2821.259818] e1000 0000:00:03.0 enp0s3: Reset adapter
