[   0.00000 Initiazingcgou sbsyscpset[   .00000 Iniiaizin croupsusys cpu
[   0.00000 Iniiaizincgroup bsyspuact
[   .0000] Lnu verio 4.40-16-gneic (budd@lw0-amd-021(gc veion .40 2016609 (Untu 5.40-ubunt1~6.04.9) #14Ubun SMPonFeb 2 1:2304UTC 01 (Ubnt 4.4.-116.40generc .4.98)
[    0.0000] oman lin: OOT_IME=/botvmliz-.4-16-geric otUUIDd94470db9d36f-59-74cc4a1d8roconsole=tt conole=ty0
[  0.000000] EREL sported cus
[  0.0000]  Inel GnuneInel
[  0.0000]  AM AutnticMD
[  00000   Ceaur enaurHls
   0.0000] x86fpu: xtae_ofet2]: 56, xate_izs[2] 256
[   000000]86fpu:SuportngXSAVfeture0x1: '87floain poit egisrs'
[   00000] 6/fp: uporng XAV feare 002 'SSE egster
[  000000] 86/fu:SupptingSAE fetue 0x4:'AX gistrs
[   0.0000] 86/fu:Enabedxstae eatues0x7,onext sie s 83byes, ing stndar' orma
[   0.0000x86/fu:Usin'laz' PU cntxt stces.[   0.0000] 820: BOSprovde phyicl RA mp:
   0.0000] BIO-e20: me 0x00000000000x000000000fbf] usale
[   0.0000] IOS-20: me 0x000000009c00-0x00000009ff] rervd
[  0.00000 BOS820:[mm 0x0000000f00-0x0000000000ffffreseed
[   000000] IOS-e20 [me0x0000000100000x000000ffffffusable
[   00000] IO-e82 [em 000000003ff000-x000003fffff ACP dta
[   .0000] BS-820:[mem0x000000ec00000x000000c00fff rserv
[   .0000] BIO-e20: em0x000000ee0000x00000fee0ff resved[   0.0000] BIS-820:mem x00000000fffc0000-0x0000000ffffff] esrved[   0.00000] NX (Execut Dsabl proteion:acive[    0.000000] SMBIOS 2.5 present.
[    0.0000] Hypviso dtectd:KVM[   0.0000 e820:lat_pf =0x3f0 ax_ah_pf =0x4000000
   0.0000] MR: Dsaled[   .00000 x6/PA: TRRsdiable, kippngPA itialatioto.
[  0.000] CPMTRRsll bnk- irtulized sstm.
[   0.0000] 6/PA: oniguuraio [0-: WB W  C-C  W  T UCUC  
[  0.0000foun SP MPableat[mm x0009fff00x00fff]mappedat ffff800009f0
[  0.0000] Saning  aeas orlow emry crupton
[   0000] RAISK:[mm x32040000x70f9ff
[   000000]ACPI Erly ble checksum verification disabled
[    0.000000] ACPI: RSDP 0x00000000000E000 0024(v02VBX  )
[   00000] CPI:XST 0x000003F0030000C v01VBX  VBOXST 000001AS  000061)[   0.0000] CP: FAP x0000003FFF0F 0004 v004 BO  VBOXAC 0000001ASL 000006)[   0.0000] CPI: DDT0x000000FF0470001FF 02VBOX  BOXBOS 000002 NT 201058)
   0.0000]CPI:AC 0x000003FF02000000
[   0000000ACPIFAS 0x00003FFF0000004
[    .0000]ACI: AC 0x000000FF0240 005C (02VBOX VBOXPI 000001 AS  000061)
[  0.0000]ACI:SST 0x000003FF2A 000CC(v01 VOX  BOCPUT0000002INL 210528)
[   000000]o NUMconfguatio fund
[  0.0000]Faing  nde a[mem0x0000000000-0x0000003ffeffff]
[    0.000000] NODE_DATA(0) allocated [mem 0x3ffeb000-0x3ffeffff]
[    0.000000] kvm-clock: Using msrs 4b564d01 and 4b564d00
[    0.000000] kvm-clock: cpu 0, msr 0:3ffe3001, primary cpu clock
[    0.000000] kvm-clock: using sched offset of 4086093879 cycles
[    0.000000] clocksure: kvm-clock: mask: 0xffffffffffffffax_ccls: 0cd424dfb, axidlens 881599148ns
[   .00000 Zonrages:
[  0.0000]   A     mem 0000000000000x00000000fff]
   0.0000]  MA32    mem 0x0000000000000-x0000003efff][   .00000   Norl   pt
[  0.0000]  Deice empt
[   000000 Mvablzonestar for echnode[   0000] Eay memo nodrangs
[  0.0000]   de  : mem x00000000010-0x00000009eff]
[  0.000000  node  0:[mm 0x00000000100000x0000003fffff][    00000 Inime setup od 0 [em0x000000001000-0x0000003fefff]
[    0.000000] ACPI: PM-Timer IO Port: 0x4008
[    0.000000] IOAPIC[0]: apic_id 2, version 32, address 0xfec00000, GSI 0-23
[    0.000000] ACPI: INT_SRC_OVR(bus 0 us_i 0 globa_irq dflfl
[  0.0000] ACPI: INT_SRC_OVR (bus 0 bus_irq 9 global_irq 9 low level)
[    0.000000] Using ACPI (MAD) or SMP configuraio infoation[   .000000 spboo Alling CPUs 0hotpugCPUs
[    0.0000] PM Rgistre nave memy: [me0x0000000x0000fff]
   0.0000]PM Registerednoave emry: em 0009f0000x009fff
[   .00000] PM: Registred osve mmoy: [em0x000a0000-0x000ffff]
[    0.000000] PM: Registered nosave memory [em 0x0000000x00fff]
[  0.0000] e820[mm 0x400000-0feffff] ailae fo PI deices
[  0.00000]ootig aravrtalizd erne o KVM
[   000000]clcksorc: rene--jifis: mas 0xffffff ma_ccls:xffffffff, max_dlns: 6451962115 n
[   .00000 set_peru:NR_CUS512 _cpuskbits51 nr_u_id2 r_no_ids1
[  0.0000] PEPU Embded 4 agescp @fff8803fc0000 9954 r192 d158 u18576
[  .00000PV qsinock hshtaleentres 25 (rder0, 409 btes)
[   .0000] Blt 1onelst in od order, mobiit groung on.Totapages: 257913
[    0.000000]olicy ne: A32[    0.0000 Krnel comand line: BOOT_IMAGE=/bootmlnuz-.40-11-gnerirootUUD=ad4a70b9-436-b59-74c4caa8 ro consletty1 cosoe=yS
[   .000] D hah ableentries: 4096(ordr:3,278 tes)
[   0.000000] Memory:99212/148120K avaible 850K krnl coe,1309 rdata3992roda, 508K iit 131 bss,5008K esrved,0Kcma-reserved
    00000]SLUB Halign=4,Orde=03, MinObjects=0, CPUs, Noes1
[  0.0000] Kene/Use pge tles soation eabled[   .00000]ieraricalRCUimplentati.
[  0.0000] 	uid-timeadustmt of leaffaout  64.
[  0.0000 	CU retrctinCPUsro NR_CP=512o nrcp_ids2.
[  00000 RCU: djsting geometryfo rcu_nout_af=6, r_cp_is=2
   0.0000]NRIRQS3324 n_iqs:40 6
[    0.00000]onole: olou VA+0x25
[  0.0000] nsol[tty] nabled
[   000000]onsoe ttyS enaed
   0.000000] tsc: Detected 1992.005 MHz processor
[   39.971644] Calibrating delay loop (skipped) preset value.. 3984.01 BogoMIPS (lpj=7968020)
[   40.194513] pid_max: default: 32768 minimum: 301
[   40.314999] ACPI: Core revision 20150930
[   40.393237] ACPI: 2 ACPI AML tables successfully acquired and loaded
[   40.532145] Security Framework initialized
[   40.624096] Yama: becoming mindful.
[   40.723189] AppArmor: AppArmor initialized
[   40.838135] Dentry cache hash table entries: 131072 (order: 8, 1048576 bytes)
[   41.022984] Inode-cache hash table entries: 65536 (order: 7, 524288 bytes)
[   41.183615] Mount-cache hash table entries: 2048 (order: 2, 16384 bytes)
[   41.375958] Mountpoint-cache hash table entries: 2048 (order: 2, 16384 bytes)
[   41.560513] Initializing cgroup subsys io
[   41.666554] Initializing cgroup subsys memory
[   41.784172] Initializing cgroup subsys devices
[   41.890028] Initializing cgroup subsys freezer
[   41.988270] Initializing cgroup subsys net_cls
[   42.031329] Initializing cgroup subsys perf_event
[   42.105940] Initializing cgroup subsys net_prio
[   42.216821] Initializing cgroup subsys hugetlb
[   42.248820] Initializing cgroup subsys pids
[   42.344712] CPU: Physical Processor ID: 0
[   42.359032] CPU: Processor Core ID: 0
[   42.360577] FEATURE SPEC_CTRL Not Present
[   42.396701] mce: CPU supports 0 MCE banks
[   42.512692] Last level iTLB entries: 4KB 64, 2MB 8, 4MB 8
[   42.647629] Last level dTLB entries: 4KB 64, 2MB 0, 4MB 0, 1GB 4
[   42.784093] Spectre V2 mitigation: Mitigation: Full generic retpoline
[   42.946029] Spectre V2 mitigation: Speculation control IBPB not-supported IBRS not-supported
[   43.133082] Freeing SMP alternatives memory: 32K
[   43.286959] ftrace: allocating 32186 entries in 126 pages
[   43.531857] smpboot: APIC(0) Converting physical 0 to logical package 0
[   43.662403] smpboot: Max logical packages: 1
[   43.772674] x2apic enabled
[   43.800322] Switched APIC routing to physical x2apic.
[   43.814078] ..TIMER: vector=0x30 apic1=0 pin1=2 apic2=-1 pin2=-1
[   44.031801] smpboot: CPU0: Intel(R) Core(TM) i3-6006U CPU @ 2.00GHz (family: 0x6, model: 0x4e, stepping: 0x3)
[   44.262949] Performance Events: unsupported p6 CPU model 78 no PMU driver, software events only.
[   44.380801] KVM setup paravirtual spinlock
[   44.382892] x86: Booting SMP configuration:
[   44.384068] .... node  #0, CPUs:      #1
[   44.385335] kvm-clock: cpu 1, msr 0:3ffe3041, secondary cpu clock
[   44.407096] mce: CPU supports 0 MCE banks
[   44.420860] x86: Booted up 1 node, 2 CPUs
[   44.482949] smpboot: Total of 2 processors activated (7968.02 BogoMIPS)
[   44.578256] devtmpfs: initialized
[   44.608119] evm: security.selinux
[   44.664286] evm: security.SMACK64
[   44.665285] evm: security.SMACK64EXEC
[   44.676508] evm: security.SMACK64TRANSMUTE
[   44.699297] evm: security.SMACK64MMAP
[   44.787250] evm: security.ima
[   44.870346] evm: security.capability
[   44.963852] clocksource: jiffies: mask: 0xffffffff max_cycles: 0xffffffff, max_idle_ns: 7645041785100000 ns
[   45.125189] futex hash table entries: 512 (order: 3, 32768 bytes)
[   45.195455] pinctrl core: initialized pinctrl subsystem
[   45.336686] RTC time: 17:49:10, date: 04/23/18
[   45.443644] NET: Registered protocol family 16
[   45.513668] cpuidle: using governor ladder
[   45.617412] cpuidle: using governor menu
[   45.718936] PCCT header not found.
[   45.766100] ACPI: bus type PCI registered
[   45.849416] acpiphp: ACPI Hot Plug PCI Controller Driver version: 0.5
[   46.002965] PCI: Using configuration type 1 for base access
[   46.170577] ACPI: Added _OSI(Module Device)
[   46.272781] ACPI: Added _OSI(Processor Device)
[   46.373739] ACPI: Added _OSI(3.0 _SCP Extensions)
[   46.493484] ACPI: Added _OSI(Processor Aggregator Device)
[   46.628079] ACPI: Executed 1 blocks of module-level executable AML code
[   46.782085] ACPI: Interpreter enabled
[   46.839429] ACPI: (supports S0 S5)
[   46.897291] ACPI: Using IOAPIC for interrupt routing
[   46.995306] PCI: Using host bridge windows from ACPI; if necessary, use "pci=nocrs" and report a bug
[   47.213385] ACPI: PCI Root Bridge [PCI0] (domain 0000 [bus 00-ff])
[   47.350236] acpi PNP0A03:00: _OSC: OS supports [ASPM ClockPM Segments MSI]
[   47.447512] acpi PNP0A03:00: _OSC: not requesting OS control; OS requires [ExtendedConfig ASPM ClockPM MSI]
[   47.458829] acpi PNP0A03:00: fail to add MMCONFIG information, can't access extended PCI configuration space under this bridge.
[   47.474060] PCI host bridge to bus 0000:00
[   47.475209] pci_bus 0000:00: root bus resource [io  0x0000-0x0cf7 window]
[   47.491638] pci_bus 0000:00: root bus resource [io  0x0d00-0xffff window]
[   47.601485] pci_bus 0000:00: root bus resource [mem 0x000a0000-0x000bffff window]
[   47.782627] pci_bus 0000:00: root bus resource [mem 0x40000000-0xfdffffff window]
[   47.987571] pci_bus 0000:00: root bus resource [bus 00-ff]
[   48.137592] pci 0000:00:01.1: legacy IDE quirk: reg 0x10: [io  0x01f0-0x01f7]
[   48.296282] pci 0000:00:01.1: legacy IDE quirk: reg 0x14: [io  0x03f6]
[   48.440572] pci 0000:00:01.1: legacy IDE quirk: reg 0x18: [io  0x0170-0x0177]
[   48.641651] pci 0000:00:01.1: legacy IDE quirk: reg 0x1c: [io  0x0376]
[   48.734421] pci 0000:00:07.0: quirk: [io  0x4000-0x403f] claimed by PIIX4 ACPI
[   48.828729] pci 0000:00:07.0: quirk: [io  0x4100-0x410f] claimed by PIIX4 SMB
[   48.979539] ACPI: PCI Interrupt Link [LNKA] (IRQs 5 9 10 *11)
[   49.096256] ACPI: PCI Interrupt Link [LNKB] (IRQs 5 9 *10 11)
[   49.207899] ACPI: PCI Interrupt Link [LNKC] (IRQs 5 *9 10 11)
[   49.319536] ACPI: PCI Interrupt Link [LNKD] (IRQs 5 9 10 *11)
[   49.436616] ACPI: Enabled 2 GPEs in block 00 to 07
[   49.555555] vgaarb: setting as boot device: PCI:0000:00:02.0
[   49.620147] vgaarb: device added: PCI:0000:00:02.0,decodes=io+mem,owns=io+mem,locks=none
[   49.639651] vgaarb: loaded
[   49.675897] vgaarb: bridge control possible 0000:00:02.0
[   49.790094] SCSI subsystem initialized
[   49.885138] ACPI: bus type USB registered
[   49.980153] usbcore: registered new interface driver usbfs
[   50.086283] usbcore: registered new interface driver hub
[   50.223714] usbcore: registered new device driver usb
[   50.365751] PCI: Using ACPI for IRQ routing
[   50.486922] NetLabel: Initializing
[   50.538643] NetLabel:  domain hash size = 128
[   50.540051] NetLabel:  protocols = UNLABELED CIPSOv4
[   50.648525] NetLabel:  unlabeled traffic allowed by default
[   50.736433] amd_nb: Cannot enumerate AMD northbridges
[   50.788571] clocksource: Switched to clocksource kvm-clock
[   50.882370] AppArmor: AppArmor Filesystem Enabled
[   50.997851] pnp: PnP ACPI init
[   51.093989] pnp: PnP ACPI: found 3 devices
[   51.191669] clocksource: acpi_pm: mask: 0xffffff max_cycles: 0xffffff, max_idle_ns: 2085701024 ns
[   51.448773] NET: Registered protocol family 2
[   51.546476] TCP established hash table entries: 8192 (order: 4, 65536 bytes)
[   51.748603] TCP bind hash table entries: 8192 (order: 5, 131072 bytes)
[   51.860623] TCP: Hash tables configured (established 8192 bind 8192)
[   52.055728] UDP hash table entries: 512 (order: 2, 16384 bytes)
[   52.218692] UDP-Lite hash table entries: 512 (order: 2, 16384 bytes)
[   52.343282] NET: Registered protocol family 1
[   52.440446] pci 0000:00:00.0: Limiting direct PCI/PCI transfers
[   52.454086] pci 0000:00:01.0: Activating ISA DMA hang workarounds
[   52.606273] Unpacking initramfs...
[ 53598]reeig intrmery150K[ 54921]laor rtcmo risred laorRTdecenoNPeve un
  5.49] c:Refied T cckur cibti: 9205Hz
[  56633]losoce: scma: ffffffff m_cle 096b485maide_ns: 8159480540s
[   565622Scni f l morcouponve 6secods
[   .019 aitiniazi nli ssy(dabd)
[   58.059208] audit: type=2000 audit(1524505719.581:1): initialized
[   58.059582] Initialise system trusted keyring
[   58.059702] HugeTLB registered 2 MB page size, pre-allocated 0 pages
[   58.061587] zbud: loaded
[   58.062054] VFS: Disk quotas dquot_6.6.0
[   58.062090] VFS: Dquot-cache hash table entries: 512 (order 0, 4096 bytes)
[   58.062392] squashfs: version 4.0 (2009/01/31) Phillip Lougher
[   58.062655] fuse init (API version 7.23)
[   58.062817] Key type big_key registered
[   58.062833] Allocating IMA MOK and blacklist keyrings.
[   58.063067] Key type asymmetric registered
[   58.063069] Asymmetric key parser 'x509' registered
[   58.063110] Block layer SCSI generic (bsg) driver version 0.4 loaded (major 249)
[   58.063133] io scheduler noop registered
[   58.063136] io scheduler deadline registered (default)
[   58.063170] io scheduler cfq registered
[   58.063284] pci_hotplug: PCI Hot Plug PCI Core version: 0.5
[   58.063291] pciehp: PCI Express Hot Plug Controller Driver version: 0.4
[   58.063456] ACPI: AC Adapter [AC] (off-line)
[   58.063520] input: Power Button as /devices/LNXSYSTM:00/LNXPWRBN:00/input/input0
[   58.063523] ACPI: Power Button [PWRF]
[   58.063611] input: Sleep Button as /devices/LNXSYSTM:00/LNXSLPBN:00/input/input1
[   58.063613] ACPI: Sleep Button [SLPF]
[   58.063797] GHES: HEST is not enabled!
[   58.063896] Serial: 8250/16550 driver, 32 ports, IRQ sharing enabled
[   59.019032] 00:02: ttyS0 at I/O 0x3f8 (irq = 4, base_baud = 115200) is a 16550A
[   59.906265] Linux agpgart interface v0.103
[   59.926018] loop: module loaded
[   59.926704] scsi host0: ata_piix
[   59.926772] scsi host1: ata_piix
[   59.926811] ata1: PATA max UDMA/33 cmd 0x1f0 ctl 0x3f6 bmdma 0xd000 irq 14
[   59.926812] ata2: PATA max UDMA/33 cmd 0x170 ctl 0x376 bmdma 0xd008 irq 15
[   59.926902] libphy: Fixed MDIO Bus: probed
[   59.926906] tun: Universal TUN/TAP device driver, 1.6
[   59.926906] tun: (C) 1999-2004 Max Krasnyansky <maxk@qualcomm.com>
[   59.926952] PPP generic driver version 2.4.2
[   59.927011] ehci_hcd: USB 2.0 'Enhanced' Host Controller (EHCI) Driver
[   59.927015] ehci-pci: EHCI PCI platform driver
[   59.927025] ehci-platform: EHCI generic platform driver
[   59.927036] ohci_hcd: USB 1.1 'Open' Host Controller (OHCI) Driver
[   59.927039] ohci-pci: OHCI PCI platform driver
[   59.927049] ohci-platform: OHCI generic platform driver
[   59.927058] uhci_hcd: USB Universal Host Controller Interface driver
[   59.927120] i8042: PNP: PS/2 Controller [PNP0303:PS2K,PNP0f03:PS2M] at 0x60,0x64 irq 1,12
[   59.928400] ACPI: Battery Slot [BAT0] (battery present)
[   59.936345] serio: i8042 KBD port at 0x60,0x64 irq 1
[   59.936352] serio: i8042 AUX port at 0x60,0x64 irq 12
[   59.936511] mousedev: PS/2 mouse device common for all mice
[   59.936948] rtc_cmos rtc_cmos: rtc core: registered rtc_cmos as rtc0
[   59.937024] rtc_cmos rtc_cmos: alarms up to one day, 114 bytes nvram
[   59.937033] i2c /dev entries driver
[   59.937112] device-mapper: uevent: version 1.0.3
[   59.937178] device-mapper: ioctl: 4.34.0-ioctl (2015-10-28) initialised: dm-devel@redhat.com
[   59.937206] ledtrig-cpu: registered to indicate activity on CPUs
[   59.937550] NET: Registered protocol family 10
[   59.937709] NET: Registered protocol family 17
[   59.937722] Key type dns_resolver registered
[   59.938985] microcode: CPU0 sig=0x406e3, pf=0x2, revision=0x0
[   59.938996] microcode: CPU1 sig=0x406e3, pf=0x2, revision=0x0
[   59.939090] microcode: Microcode Update Driver: v2.01 <tigran@aivazian.fsnet.co.uk>, Peter Oruba
[   59.939283] registered taskstats version 1
[   59.939302] Loading compiled-in X.509 certificates
[   59.940271] Loaded X.509 cert 'Build time autogenerated kernel key: aa84f01984fbd529c105810b59e379d349698248'
[   59.940309] zswap: loaded using pool lzo/zbud
[   59.942462] Key type trusted registered
[   59.947341] Key type encrypted registered
[   59.947350] AppArmor: AppArmor sha1 policy hashing enabled
[   59.947354] ima: No TPM chip found, activating TPM-bypass!
[   59.947380] evm: HMAC attrs: 0x1
[   59.947735]   Magic number: 14:307:846
[   59.993293] rtc_cmos rtc_cmos: setting system clock to 2018-04-23 17:49:25 UTC (1524505765)
[   59.993472] BIOS EDD facility v0.16 2004-Jun-25, 0 devices found
[   59.993472] EDD information not available.
[   60.078427] input: AT Translated Set 2 keyboard as /devices/platform/i8042/serio0/input/input2
[   65.438152] Freeing unused kernel memory: 1508K
[   65.449356] Write protecting the kernel read-only data: 14336k
[   65.458646] Freeing unused kernel memory: 1700K
[   65.497559] Freeing unused kernel memory: 104K
Loading, please wait...
[   65.627583] random: systemd-udevd: uninitialized urandom read (16 bytes read, 7 bits of entropy available)
starting version[   65.628441] random: udevadm: uninitialized urandom read (16 bytes read, 7 bits of entropy available)
 229
[   65.628477] random: udevadm: uninitialized urandom read (16 bytes read, 7 bits of entropy available)
[   65.644171] random: udevadm: uninitialized urandom read (16 bytes read, 7 bits of entropy available)
[   65.644242] random: udevadm: uninitialized urandom read (16 bytes read, 7 bits of entropy available)
[   65.644474] random: udevadm: uninitialized urandom read (16 bytes read, 7 bits of entropy available)
[   65.644583] random: udevadm: uninitialized urandom read (16 bytes read, 7 bits of entropy available)
[   65.644666] random: udevadm: uninitialized urandom read (16 bytes read, 7 bits of entropy available)
[   65.644749] random: udevadm: uninitialized urandom read (16 bytes read, 7 bits of entropy available)
[   65.644828] random: udevadm: uninitialized urandom read (16 bytes read, 7 bits of entropy available)
[   66.685905] Fusion MPT base driver 3.04.20
[   66.717139] Copyright (c) 1999-2008 LSI Corporation
[   66.753372] e1000: Intel(R) PRO/1000 Network Driver - version 7.3.21-k8-NAPI
[   66.800145] e1000: Copyright (c) 1999-2006 Intel Corporation.
[   66.852354] Fusion MPT SPI Host driver 3.04.20
[   66.876523] mptbase: ioc0: Initiating bringup
[   66.914844] AVX2 version of gcm_enc/dec engaged.
[   66.965723] ioc0: LSI53C1030 A0: Capabilities={Initiator}
[   67.169264] AES CTR mode by8 optimization enabled
[   67.309716] scsi host2: ioc0: LSI53C1030 A0, FwRev=00000000h, Ports=1, MaxQ=256, IRQ=20
[   67.321416] input: ImExPS/2 Generic Explorer Mouse as /devices/platform/i8042/serio1/input/input4
[   67.469258] scsi 2:0:0:0: Direct-Access     VBOX     HARDDISK         1.0  PQ: 0 ANSI: 5
[   67.577293] scsi target2:0:0: Beginning Domain Validation
[   67.711182] scsi target2:0:0: Domain Validation skipping write tests
[   67.714304] scsi target2:0:0: Ending Domain Validation
[   67.717118] scsi target2:0:0: asynchronous
[   67.734460] scsi 2:0:1:0: Direct-Access     VBOX     HARDDISK         1.0  PQ: 0 ANSI: 5
[   67.764259] scsi target2:0:1: Beginning Domain Validation
[   67.783024] scsi target2:0:1: Domain Validation skipping write tests
[   67.822922] scsi target2:0:1: Ending Domain Validation
[   67.836240] scsi target2:0:1: asynchronous
[   67.861866] sd 2:0:0:0: Attached scsi generic sg0 type 0
[   67.892739] sd 2:0:0:0: [sda] 20971520 512-byte logical blocks: (10.7 GB/10.0 GiB)
[   67.896969] sd 2:0:0:0: [sda] Write Protect is off
[   67.900212] sd 2:0:1:0: [sdb] 20480 512-byte logical blocks: (10.5 MB/10.0 MiB)
[   67.904140] sd 2:0:1:0: Attached scsi generic sg1 type 0
[   67.913318] sd 2:0:1:0: [sdb] Write Protect is off
[   67.914993] sd 2:0:0:0: [sda] Incomplete mode parameter data
[   67.918873] sd 2:0:0:0: [sda] Assuming drive cache: write through
[   67.920899] sd 2:0:1:0: [sdb] Incomplete mode parameter data
[   67.927716] sd 2:0:1:0: [sdb] Assuming drive cache: write through
[   67.934325]  sda: sda1
[   67.950119] sd 2:0:1:0: [sdb] Attached SCSI disk
[   67.954090] sd 2:0:0:0: [sda] Attached SCSI disk
[   68.083022] e1000 0000:00:03.0 eth0: (PCI:33MHz:32-bit) 02:27:b7:20:75:f7
[   68.218774] e1000 0000:00:03.0 eth0: Intel(R) PRO/1000 Network Connection
[   68.288194] e1000 0000:00:03.0 enp0s3: renamed from eth0
[   69.693373] floppy0: no floppy controllers found
Begin: Loading e[   71.603370] md: linear personality registered for level -1
ssential drivers[   71.739246] md: multipath personality registered for level -4
 ... [   71.884212] md: raid0 personality registered for level 0
[   71.962730] md: raid1 personality registered for level 1
[   72.088748] raid6: sse2x1   gen()  6164 MB/s
[   72.176999] raid6: sse2x1   xor()  4477 MB/s
[   72.325302] raid6: sse2x2   gen()  7143 MB/s
[   72.464587] raid6: sse2x2   xor()  5063 MB/s
[   72.564669] raid6: sse2x4   gen()  7940 MB/s
[   72.693181] raid6: sse2x4   xor()  6345 MB/s
[   72.845301] raid6: avx2x1   gen() 11869 MB/s
[   72.957168] raid6: avx2x2   gen() 14088 MB/s
[   73.101484] raid6: avx2x4   gen() 15696 MB/s
[   73.182474] raid6: using algorithm avx2x4 gen() 15696 MB/s
[   73.301193] raid6: using avx2x2 recovery algorithm
[   73.407119] xor: automatically using best checksumming function:
[   73.569079]    avx       : 10760.000 MB/sec
[   73.657558] async_tx: api initialized (async)
[   73.754823] md: raid6 personality registered for level 6
[   73.836845] md: raid5 personality registered for level 5
[   73.929352] md: raid4 personality registered for level 4
[   74.050928] md: raid10 personality registered for level 10
done.
Begin: Running /scripts/init-p[   74.201887] Btrfs loaded
remount ... done.
Begin: Mounting root file system ... Begin: Running /scripts/local-top ... done.
Begin: Runn[   74.346258] EXT4-fs (sda1): INFO: recovery required on readonly filesystem
ing /scripts/loc[   74.414182] EXT4-fs (sda1): write access will be enabled during recovery
al-premount ... Scanning for Btrfs filesystems
done.
Warning: fsck not present, so skipping root file system
[   74.607703] EXT4-fs (sda1): orphan cleanup on readonly fs
[   75.450208] EXT4-fs (sda1): 5 orphan inodes deleted
[   75.830951] EXT4-fs (sda1): recovery complete
[   75.918187] EXT4-fs (sda1): mounted filesystem with ordered data mode. Opts: (null)
done.
Begin: Running /scripts/local-bottom ... done.
Begin: Running /scripts/init-bottom ... done.
[   76.269906] systemd[1]: systemd 229 running in system mode. (+PAM +AUDIT +SELINUX +IMA +APPARMOR +SMACK +SYSVINIT +UTMP +LIBCRYPTSETUP +GCRYPT +GNUTLS +ACL +XZ -LZ4 +SECCOMP +BLKID +ELFUTILS +KMOD -IDN)
[   76.601782] systemd[1]: Detected virtualization oracle.
[   76.745258] systemd[1]: Detected architecture x86-64.

Welcome to [1mUbuntu 16.04.4 LTS[0m!

[   76.844935] systemd[1]: Set hostname to <ubuntu-xenial>.
[   76.902643] random: nonblocking pool is initialized
[   77.318225] systemd[1]: Reached target Encrypted Volumes.
[[0;32m  OK  [0m] Reached target Encrypted Volumes.
[   77.433957] systemd[1]: Listening on udev Control Socket.
[[0;32m  OK  [0m] Listening on udev Control Socket.
[   77.541757] systemd[1]: Reached target User and Group Name Lookups.
[[0;32m  OK  [0m] Reached target User and Group Name Lookups.
[   77.654279] systemd[1]: Reached target System Time Synchronized.
[[0;32m  OK  [0m] Reached target System Time Synchronized.
[   77.847599] systemd[1]: Set up automount Arbitrary Executable File Formats File System Automount Point.
[[0;32m  OK  [0m] Set up automount Arbitrary Executab...ats File System Automount Point.
[   77.949603] systemd[1]: Reached target Swap.
[[0;32m  OK  [0m] Reached target Swap.
[   78.041406] systemd[1]: Listening on /dev/initctl Compatibility Named Pipe.
[[0;32m  OK  [0m] Listening on /dev/initctl Compatibility Named Pipe.
[   78.217712] systemd[1]: Listening on Journal Socket.
[[0;32m  OK  [0m] Listening on Journal Socket.
[   78.305879] systemd[1]: Listening on Device-mapper event daemon FIFOs.
[[0;32m  OK  [0m] Listening on Device-mapper event daemon FIFOs.
[   78.438806] systemd[1]: Started Trigger resolvconf update for networkd DNS.
[[0;32m  OK  [0m] Started Trigger resolvconf update for networkd DNS.
[   78.641315] systemd[1]: Listening on LVM2 metadata daemon socket.
[[0;32m  OK  [0m] Listening on LVM2 metadata daemon socket.
[   78.773933] systemd[1]: Listening on LVM2 poll daemon socket.
[[0;32m  OK  [0m] Listening on LVM2 poll daemon socket.
[   78.882607] systemd[1]: Listening on Journal Socket (/dev/log).
[[0;32m  OK  [0m] Listening on Journal Socket (/dev/log).
[   79.049775] systemd[1]: Listening on Journal Audit Socket.
[[0;32m  OK  [0m] Listening on Journal Audit Socket.
[   79.187601] systemd[1]: Created slice System Slice.
[[0;32m  OK  [0m] Created slice System Slice.
[   79.346204] systemd[1]: Starting Load Kernel Modules...
[   79.408378] Loading iSCSI transport class v2.0-870.
         Starting Load Kernel Modules...
[   79.448486] iscsi: registered transport (tcp)
[   79.489570] systemd[1]: Starting Remount Root and Kernel File Systems...
         Startin[   79.579672] EXT4-fs (sda1): re-mounted. Opts: (null)
g Remount Root and Kernel File Systems...
[   79.587043] systemd[1]: Starting Set console keymap...
         Startin[   79.612146] iscsi: registered transport (iser)
g Set console keymap...
[   79.705327] systemd[1]: Created slice system-serial\x2dgetty.slice.
[[0;32m  OK  [0m] Created slice system-serial\x2dgetty.slice.
[   79.805592] systemd[1]: Starting Nameserver information manager...
         Starting Nameserver information manager...
[   79.985914] systemd[1]: Starting Monitoring of LVM2 mirrors, snapshots etc. using dmeventd or progress polling...
         Starting Monitoring of LVM2 mirrors... dmeventd or progress polling...
[   80.217957] systemd[1]: Mounting POSIX Message Queue File System...
         Mounting POSIX Message Queue File System...
[   80.297314] systemd[1]: Mounting Huge Pages File System...
         Mounting Huge Pages File System...
[   80.351135] systemd[1]: Created slice User and Session Slice.
[[0;32m  OK  [0m] Created slice User and Session Slice.
[   80.546071] systemd[1]: Reached target Slices.
[[0;32m  OK  [0m] Reached target Slices.
[   80.639197] systemd[1]: Listening on udev Kernel Socket.
[[0;32m  OK  [0m] Listening on udev Kernel Socket.
[   80.790415] systemd[1]: Started Forward Password Requests to Wall Directory Watch.
[[0;32m  OK  [0m] Started Forward Password Requests to Wall Directory Watch.
[   81.037824] systemd[1]: Mounting Debug File System...
         Mounting Debug File System...
[   81.141900] systemd[1]: Starting Uncomplicated firewall...
         Starting Uncomplicated [   81.221264] ip_tables: (C) 2000-2006 Netfilter Core Team
firewall...
[   81.311886] nf_conntrack version 0.5.0 (7936 buckets, 31744 max)
[   81.423757] systemd[1]: Starting Create list of required static device nodes for the current kernel...
         Starting Create list of[   81.483284] ip6_tables: (C) 2000-2006 Netfilter Core Team
 required st... nodes for the current kernel...
[   81.536075] systemd[1]: Listening on Syslog Socket.
[[0;32m  OK  [0m] Listening on Syslog Socket.
[   81.632811] systemd[1]: Starting Journal Service...
         Starting Journal Service...
[   81.718221] systemd[1]: Mounted POSIX Message Queue File System.
[[0;32m  OK  [0m] Mounted POSIX Message Queue File System.
[   8186867 system[1 MouteHu Pags leyste
[[0;32m  OK  [0m] Mounted Huge Pages File System.
[   82.602741] ste[1: MoteDeg leysm.
[[0;32m  OK  [0m] Mounted Debug File System.
[  83.3846syem1]StteJouralerce

[[0;32m  OK  [0m] Started Journal Service.
[[0;32m  OK  [0m] Started Load Kernel Modules.
[[0;32m  OK  [0m] Started Remount Root and Kernel File Systems.
[[0;32m  OK  [0m] Started Set console keymap.
[[0;32m  OK  [0m] Started Uncomplicated firewall.
[[0;32m  OK  [0m] Started Create list of required sta...ce nodes for the current kernel.
[[0;32m  OK  [0m] Started Nameserver information manager.
[[0;32m  OK  [0m] Started LVM2 metadata daemon.
         Starting Create Static Device Nodes in /dev...
         Starting udev Coldplug all Devices...
         Starting Initial cloud-init job (pre-networking)...
         Starting Load/Save Random Seed...
         Mounting FUSE Control File System...
         Starting Apply Kernel Variables...
         Starting Flush Journal to Persistent Storage...
[[0;32m  OK  [0m] Mounted FUSE Control File System.
[[0;32m  OK  [0m] Started Monitoring of LVM2 mirrors,...ng dmeventd or progress polling.
[[0;32m  OK  [0m] Started Create Static Device Nodes in /dev.
[[0;32m  OK  [0m] Started Load/Save Random Seed.
[[0;32m  OK  [0m] Started Apply Kernel Variables.
[[0;32m  OK  [0m] Started udev Coldplug all Devices.
[[0;32m  OK  [0m] Started Flush Journal to Persistent Storage.
         Starting udev Kernel Device Manager...
[[0;32m  OK  [0m] Started udev Kernel Device Manager.
[[0;32m  OK  [0m] Started Dispatch Password Requests to Console Directory Watch.
[[0;32m  OK  [0m] Reached target Local File Systems (Pre).
[[0;32m  OK  [0m] Reached target Local File Systems.
         Starting Set console font and keymap...
         Starting Tell Plymouth To Write Out Runtime Data...
         Starting Create Volatile Files and Directories...
         Starting LSB: AppArmor initialization...
[[0;32m  OK  [0m] Started Tell Plymouth To Write Out Runtime Data.
[[0;32m  OK  [0m] Started Create Volatile Files and Directories.
[[0;32m  OK  [0m] Found device /dev/ttyS0.
         Starting Update UTMP about System Boot/Shutdown...
[[0;32m  OK  [0m] Started Update UTMP about System Boot/Shutdown.
[[0;32m  OK  [0m] Started LSB: AppArmor initialization.
[[0;32m  OK  [0m] Started Set console font and keymap.
[[0;32m  OK  [0m] Created slice system-getty.slice.
[[0;32m  OK  [0m] Listening on Load/Save RF Kill Switch Status /dev/rfkill Watch.
[   38.200612] cloud-init[528]: Cloud-init v. 17.2 running 'init-local' at Mon, 23 Apr 2018 17:49:52 +0000. Up 37.41 seconds.
[[0;32m  OK  [0m] Found device 82540EM Gigabit Ethern...r (PRO/1000 MT Desktop Adapter).
[[0;32m  OK  [0m] Started Initial cloud-init job (pre-networking).
[[0;32m  OK  [0m] Reached target Network (Pre).
[[0;32m  OK  [0m] Started ifup for enp0s3.
         Starting Raise network interfaces...
[[0;32m  OK  [0m] Started Raise network interfaces.
[[0;32m  OK  [0m] Reached target Network.
         Starting Initial cloud-init job (metadata service crawler)...
[   41.704277] cloud-init[1051]: Cloud-init v. 17.2 running 'init' at Mon, 23 Apr 2018 17:49:56 +0000. Up 41.21 seconds.
[   41.744982] cloud-init[1051]: ci-info: +++++++++++++++++++++++++++++++++++++Net device info++++++++++++++++++++++++++++++++++++++
[   41.890420] cloud-init[1051]: ci-info: +--------+------+----------------------------+---------------+-------+-------------------+
[[0;32m  OK  [0m] Started Initial cloud-init job (metadata service crawler).
[   41.892804] cloud-init[1051]: ci-info: | Device |  Up  |          Address           |      Mask     | Scope |     Hw-Address    |
[[0;32m  OK  [0m] Reached target Network is Online.
[   42.228712] cloud-init[1051]: ci-info: +--------+------+----------------------------+---------------+-------+-------------------+
[   42.494072]          Starting iSCSI initiator daemon (iscsid)...
cloud-init[1051]: ci-info: | enp0s3 | True |         10.0.2.15          | 255.255.255.0 |   .   | 02:27:b7:20:75:f7 |
[   42.806074] [[0;32m  OK  [0m] Reached target System Initialization.
cloud-init[1051]: ci-info: | enp0s3 | True | fe80::27:b7ff:fe20:75f7/64 |       .       |  link | 02:27:b7:20:75:f7 |
[   43.049743] cloud-init[1051]: ci-info: |   lo   | True |         127.0.0.1          |   255.0.0.0   |   .   |         .         |
[[0;32m  OK  [0m] Started Timer to automatically refresh installed snaps.
[   43.052894]          Starting LXD - unix socket.
cloud-init[1051]: ci-info: |   lo   | True |          ::1/128           |       .       |  host |         .         |
[   43.427444] [[0;32m  OK  [0m] Listening on ACPID Listen Socket.
cloud-init[1051]: ci-info: +--------+------+----------------------------+---------------+-------+-------------------+
[   43.573419] [[0;32m  OK  [0m] Started ACPI Events Check.
cloud-init[1051]: ci-info: +++++++++++++++++++++++++++Route IPv4 info++++++++++++++++++++++++++++
[[0;32m  OK  [0m] Reached target Paths.
[   43.785383] cloud-init[1051]: ci-info: +-------+-------------+----------+---------------+-----------+-------+
[   43.997237] cloud-init[1051]: ci-info: | Route | Destination | Gateway  |    Genmask    | Interface | Flags |
         Starting Socket activation for snappy daemon.
[   43.999790] [[0;32m  OK  [0m] Listening on UUID daemon activation socket.cloud-init
[1051]: ci-info: +-------+-------------+----------+---------------+-----------+-------+
[   44.445364] [cloud-init[0;32m  OK  [0m[1051]: ] ci-info: |   0   |   0.0.0.0   | 10.0.2.2 |    0.0.0.0    |   enp0s3  |   UG  |Started Daily apt download activities.

[[0;32m  OK  [0m] Started Daily apt upgrade and clean activities.
[[0;32m  OK  [0m] Listening on D-Bus System Message Bus Socket.
[   44.448115] cloud-init[1051]: ci-info: |   1   |   10.0.2.0  | 0.0.0.0  | 255.255.255.0 |   enp0s3  |   U   |
[   44.882222] [[0;32m  OK  [0m] Started Daily Cleanup of Temporary Directories.
cloud-init[1051]: ci-info: +-------+-------------+----------+---------------+-----------+-------+
[[0;32m  OK  [0m] Reached target Timers.
[[0;32m  OK  [0m] Reached target Cloud-config availability.
[[0;32m  OK  [0m] Listening on LXD - unix socket.
[[0;32m  OK  [0m] Listening on Socket activation for snappy daemon.
[[0;32m  OK  [0m] Started iSCSI initiator daemon (iscsid).
         Starting Login to default iSCSI targets...
[[0;32m  OK  [0m] Reached target Sockets.
[[0;32m  OK  [0m] Reached target Basic System.
[[0;32m  OK  [0m] Started Unattended Upgrades Shutdown.
[[0;32m  OK  [0m] Started Deferred execution scheduler.
         Starting /etc/rc.local Compatibility...
[[0;32m  OK  [0m] Started D-Bus System Message Bus.
[[0;32m  OK  [0m] Started FUSE filesystem for LXC.
         Starting MySQL Community Server...
         Starting LSB: Record successful boot for GRUB...
         Starting Virtualbox guest utils...
         Starting LSB: MD monitoring daemon...
         Starting Apply the settings specified in cloud-config...
[[0;32m  OK  [0m] Started Regular background program processing daemon.
[[0;32m  OK  [0m] Started ACPI event daemon.
         Starting Login Service...
         Starting System Logging Service...
         Starting Accounts Service...
         Starting LXD - container startup/shutdown...
         Starting Snappy daemon...
         Starting OpenBSD Secure Shell server...
[[0;32m  OK  [0m] Started System Logging Service.
[[0;32m  OK  [0m] Started OpenBSD Secure Shell server.
[[0;32m  OK  [0m] Started Snappy daemon.
[[0;32m  OK  [0m] Started /etc/rc.local Compatibility.
[[0;32m  OK  [0m] Started LXD - container startup/shutdown.
[   47.376604] cloud-init[1153]: Cloud-init v. 17.2 running 'modules:config' at Mon, 23 Apr 2018 17:50:02 +0000. Up 47.13 seconds.
[[0;32m  OK  [0m] Started Login to default iSCSI targets.
[[0;32m  OK  [0m] Started Apply the settings specified in cloud-config.
[[0;32m  OK  [0m] Started LSB: Record successful boot for GRUB.
[[0;32m  OK  [0m] Started LSB: MD monitoring daemon.
[[0;32m  OK  [0m] Started Virtualbox guest utils.
[[0;32m  OK  [0m] Started Login Service.
         Starting Authenticate and Authorize Users to Run Privileged Tasks...
[[0;32m  OK  [0m] Reached target Remote File Systems (Pre).
[[0;32m  OK  [0m] Reached target Remote File Systems.
         Starting Permit User Sessions...
         Starting LSB: Set the CPU Frequency Scaling governor to "ondemand"...
         Starting LSB: VirtualBox Linux kernel module...
         Starting LSB: daemon to balance interrupts for SMP systems...
         Starting LSB: Apache2 web server...
         Starting LSB: automatic crash report generation...
[[0;32m  OK  [0m] Started Permit User Sessions.
[[0;32m  OK  [0m] Started Authenticate and Authorize Users to Run Privileged Tasks.
[[0;32m  OK  [0m] Started Accounts Service.
[[0;32m  OK  [0m] Started LSB: Set the CPU Frequency Scaling governor to "ondemand".
         Starting Hold until boot process finishes up...
         Starting Terminate Plymouth Boot Screen...
[[0;32m  OK  [0m] Started MySQL Community Server.
[[0;32m  OK  [0m] Started LSB: daemon to balance interrupts for SMP systems.
[[0;32m  OK  [0m] Started LSB: VirtualBox Linux kernel module.
[[0;32m  OK  [0m] Started LSB: automatic crash report generation.
[[0;32m  OK  [0m] Started Hold until boot process finishes up.
[[0;32m  OK  [0m] Started Terminate Plymouth Boot Screen.
         Starting Set console scheme...
[[0;32m  OK  [0m] Started Getty on tty1.
[[0;32m  OK  [0m] Started Serial Getty on ttyS0.
[[0;32m  OK  [0m] Reached target Login Prompts.
[[0;32m  OK  [0m] Started Set console scheme.
[[0;32m  OK  [0m] Started LSB: Apache2 web server.
[[0;32m  OK  [0m] Reached target Multi-User System.
         Starting Execute cloud user/final scripts...
[[0;32m  OK  [0m] Reached target Graphical Interface.
         Starting Update UTMP about System Runlevel Changes...
[[0;32m  OK  [0m] Started Update UTMP about System Runlevel Changes.
[   51.583795] cloud-init[1451]: Cloud-init v. 17.2 running 'modules:final' at Mon, 23 Apr 2018 17:50:06 +0000. Up 51.41 seconds.
[   51.689406] [cloud-init[0;32m  OK  [0m[1451]: ] Cloud-init v. 17.2 finished at Mon, 23 Apr 2018 17:50:06 +0000. Datasource DataSourceNoCloud [seed=/dev/sdb][dsmode=net].  Up 51.57 secondsStarted Execute cloud user/final scripts.

[[0;32m  OK  [0m] Reached target Cloud-init target.

Ubuntu 16.04.4 LTS ubuntu-xenial ttyS0

ubuntu-xenial login: [[0;32m  OK  [0m] Closed Load/Save RF Kill Switch Status /dev/rfkill           Stopping LSB: Apache2 web server...
         Stopping MySQL Community Server...
         Stopping ACPI event daemon...
         Stopping OpenBSD Secure Shell server...
         Stopping Unattended Upgrades Shutdown...
         Stopping Regular background program processing daemon...
         Stopping System Logging Service...
         Stopping LSB: VirtualBox Linux kernel module...
         Stopping LSB: Record successful boot for GRUB...
[[0;32m  OK  [0m] Stopped Daily apt download activities.
[[0;32m  OK  [0m] Stopped target System Time Synchronized.
[[0;32m  OK  [0m] Stopped target Cloud-config availability.
         Stopping LXD - container startup/shutdown...
[[0;32m  OK  [0m] Unmounted /var/lib/lxcfs.
[[0;32m  OK  [0m] Stopped Deferred execution scheduler.
[[0;32m  OK  [0m] Stopped Regular background program processing daemon.
[[0;32m  OK  [0m] Stopped ACPI event daemon.
[[0;32m  OK  [0m] Stopped System Logging Service.
[[0;32m  OK  [0m] Stopped Accounts Service.
[[0;32m  OK  [0m] Stopped Snappy daemon.
[[0;32m  OK  [0m] Stopped OpenBSD Secure Shell server.
[[0;32m  OK  [0m] Stopped Authenticate and Authorize Users to Run Privileged Tasks.
[[0;32m  OK  [0m] Stopped Serial Getty on ttyS0.
[[0;32m  OK  [0m] Stopped User Manager for UID 1000.
[[0;32m  OK  [0m] Stopped Getty on tty1.
[[0;32m  OK  [0m] Stopped D-Bus System Message Bus.
[[0;32m  OK  [0m] Stopped Session 1 of user vagrant.
[[0;32m  OK  [0m] Stopped Unattended Upgrades Shutdown.
[[0;32m  OK  [0m] Stopped FUSE filesystem for LXC.
[[0;32m  OK  [0m] Stopped LSB: daemon to balance interrupts for SMP systems.
[[0;32m  OK  [0m] Stopped MySQL Community Server.
[[0;32m  OK  [0m] Stopped Virtualbox guest utils.
[[0;32m  OK  [0m] Stopped LSB: Set the CPU Frequency Scaling governor to "ondemand".
[[0;32m  OK  [0m] Stopped LSB: MD monitoring daemon.
[[0;32m  OK  [0m] Stopped LSB: automatic crash report generation.
[[0;32m  OK  [0m] Stopped LSB: Record successful boot for GRUB.
[[0;32m  OK  [0m] Stopped LXD - container startup/shutdown.
[[0;32m  OK  [0m] Stopped LSB: VirtualBox Linux kernel module.
[[0;32m  OK  [0m] Removed slice system-getty.slice.
[[0;32m  OK  [0m] Removed slice User Slice of vagrant.
         Stopping Login Service...
         Stopping Permit User Sessions...
[[0;32m  OK  [0m] Stopped /etc/rc.local Compatibility.
[[0;32m  OK  [0m] Removed slice system-serial\x2dgetty.slice.
[[0;32m  OK  [0m] Stopped Login Service.
[[0;32m  OK  [0m] Stopped Permit User Sessions.
[[0;32m  OK  [0m] Stopped LSB: Apache2 web server.
[[0;32m  OK  [0m] Stopped target Remote File Systems.
[[0;32m  OK  [0m] Stopped target Remote File Systems (Pre).
         Stopping Login to default iSCSI targets...
[[0;32m  OK  [0m] Stopped target Basic System.
[[0;32m  OK  [0m] Stopped target Paths.
[[0;32m  OK  [0m] Stopped Dispatch Password Requests to Console Directory Watch.
[[0;32m  OK  [0m] Stopped ACPI Events Check.
[[0;32m  OK  [0m] Stopped Forward Password Requests to Wall Directory Watch.
[[0;32m  OK  [0m] Stopped target Sockets.
[[0;32m  OK  [0m] Closed UUID daemon activation socket.
[[0;32m  OK  [0m] Closed Syslog Socket.
[[0;32m  OK  [0m] Closed ACPID Listen Socket.
[[0;32m  OK  [0m] Closed Socket activation for snappy daemon.
[[0;32m  OK  [0m] Closed LXD - unix socket.
[[0;32m  OK  [0m] Stopped target Slices.
[[0;32m  OK  [0m] Stopped target User and Group Name Lookups.
[[0;32m  OK  [0m] Removed slice User and Session Slice.
[[0;32m  OK  [0m] Closed D-Bus System Message Bus Socket.
[[0;32m  OK  [0m] Stopped target System Initialization.
[[0;32m  OK  [0m] Stopped Create Volatile Files and Directories.
[[0;32m  OK  [0m] Stopped target Encrypted Volumes.
         Stopping Load/Save Random Seed...
[[0;32m  OK  [0m] Stopped target Swap.
[[0;32m  OK  [0m] Stopped Load/Save Random Seed.
[[0;32m  OK  [0m] Stopped Login to default iSCSI targets.
         Stopping iSCSI initiator daemon (iscsid)...
[[0;32m  OK  [0m] Stopped iSCSI initiator daemon (iscsid).
[[0;32m  OK  [0m] Stopped target Network is Online.
[[0;32m  OK  [0m] Stopped Initial cloud-init job (metadata service crawler).
[[0;32m  OK  [0m] Stopped target Network.
         Stopping Raise network interfaces...
[[0;32m  OK  [0m] Stopped Raise network interfaces.
[[0;32m  OK  [0m] Stopped target Local File Systems.
         Unmounting /run/user/1000...
[[0;32m  OK  [0m] Stopped Apply Kernel Variables.
[[0;32m  OK  [0m] Stopped Load Kernel Modules.
[[0;32m  OK  [0m] Stopped target Network (Pre).
[[0;32m  OK  [0m] Stopped Initial cloud-init job (pre-networking).
[[0;32m  OK  [0m] Unmounted /run/user/1000.
[[0;32m  OK  [0m] Reached target Unmount All Filesystems.
[[0;32m  OK  [0m] Stopped target Local File Systems (Pre).
[[0;32m  OK  [0m] Stopped Remount Root and Kernel File Systems.
         Stopping Monitoring of LVM2 mirrors... dmeventd or progress polling...
[[0;32m  OK  [0m] Stopped Create Static Device Nodes in /dev.
[[0;32m  OK  [0m] Reached target Shutdown.
[  877.591645] reboot: Restarting system
[   0.0000] nitiliing coup bss cpust
[    0.0000] Iitalizg cgrp subss pu
[   0.0000] nitiliing roup ssys pucct[   .0000] Lnux ersion 4.0-116enerc buil@lgw1-md4-021)gcc rsion 5.4.0 216609 Ubntu 4.0-ubntu~1.04. ) #0-bunt SP MoFeb 2 1:2:0 UTC018 (butu 4.0-116.10-genri 4.4.)
[  0.0000] Cmandlie: BOTIMAG=/oot/linu4.4.-16-geerc oo=UIDad944a-db9-46f-b59724c4ca1d8 o onsoe=ty1consoe=ttyS
[    0.000000] KERNEL supported cpus:
[    0.000000]   IntelGenuinIntel
[    0.000000]   AMD AuthenticAMD
[    0.000000]  Cenur Centauauls
[   0.000000x86/fpu: xate_offset[2]: 57, xstatsizes[2]:  256
[   .0000] x8/fu: Sportig XSAVE fture x0: 'x87 floating point registers'
[  0.0000] x6/pu Spportng XSAVE feature x02: 'SSE registers'
[    0.000000] x86/fpu: Supporting XSAVE feature 0x04: 'VXregisters'
[    0.00000] x8/fu: Enabled xstate features 0x7, context size is 832 bytes, using 'standard' format.
[    0.000000] x86/fpu: Using 'lazy' FPU context switches.
[    0.000000]e80: BIO-provided physical RAM map:
[    0.000000] BIOS-e820: [mem 0x000000000000000-0x000000000009fbff] usbl
[    00000]BIOS-20: [mem 0x000000000009fc00-0x000000000009ffff] reserved
[    0.000000] BIOS-e820: [mem 0x00000000000f0000-0x00000000000fffff] reserved

[    0.000000] BIOS-e820: [mem 0x0000000000100000-0x000000003ffeffff] usable
[    0.00000] BIOS-e820: mem 0x000000003fff0000-x00000003fffffff] ACPI data
[    0.000000] BIOS-e820: [mem 0x00000000fec00000-0x00000000fec00fff] reserved
[    0.000000] BIOS-e820: mem 0x00000000fee00000-0x00000000fee00fff] rseved
[    0.000000] BIOS-e820: [mem 0x00000000fffc0000-0x00000000ffffffff] resrvd
   0.0000] NX (Execute Disable) protection: active
[   0000000] SMBIOS 2.5 present.
[   .0000] Hypervor dteted: KVM
[    0.000000] e820: last_pfn 0x3fff max_arch_pfn = 0x400000000
[    0.000000] MTRR: Disabled
[    0.000000] 86/PAT: MTRRs disabled, skipping PAT initialization too.
[    0.000000] CPU MTRRs all blank - virtuazed ysem.[   0.00000] x86/PAT: Cofiuratn 0-7]WB  T UC-   WBWT UC-UC 
[  0.000] fod SM M-tab at [mem0x009ff00x000fff] mape a [fff88009fff0]
[   00000 Sanni 1 aasfforow mmoy coupion[   .00000RAMDK:[mem 03604000x70f9ff
[   .0000] ACP Eary tale cecum vificion disabd
[  .000000] ACI:RSDP0x00000000E0000000 (v0VBX  )
[   0.000000] ACPI: XT 0x000003F003 0003 (01 VOX   VBOSDT 00001 L  000061)
[  0.0000] CPI:FAP 0x000000FF00 000F4v04 VB   VOXACP 000001 A  000061
[   .00000] CPI:SD 0x00000FF0470 21FF(v2 VBX  VBOIO 000002 NT 201058)
   0.0000 ACP: AC 00000003FF020 00040
[   0000000ACPI:ACS x0000003FF00000000
[  0.0000] ACPI AIC 0000000FF0240005C (02VBOX VOXAP 0000001ASL 000061)
    .0000]CPI:SD 0x0000003FFF020 001C(v01VBX   OXCPT 000002INTL010528
[   00000] NoUM conguraio foud
[   0.000] Fing nodet mem 000000000000-0x000003fefff][   .00000 NODDATA( allatd [m 0x3eb00-03ffeffff
[    0.0000] kvcloc: singsrs 564d01an 4b5d00[   0.0000 km-clk: c 0 msr 0ffe301 priry cpulock
   0.0000]kvm-ock:usng sed ofst of85684994 cle
[  0.0000] clksouce kvm-coc: ma: xfffffffffff maxycle 01cd44dff max_ie_s: 815059183ns
   00000] on rans:
   0.000]   A    [mem 0000000001000x0000000ffff]
[   0.000]   MA2   mem 000000010000-0x000000fefff]
[   00000]   rmal epty[   .0000]  Deic   ety
[   0.00000Movablzonetat fo ech ne
[  .0000] Ear mmoryode ngs[   0.0000   ne  0: me 0x00000000000-0x00000000eff]
[   0.000000]   nod  : [mm x00000001000-0000000fefff]
[   00000]Initm etupnoe 0 me 0x000000000000-x0000000feffff
[  0.0000 ACP PM-imr O ort:0x008[   .0000] IPIC[0]apicd , veion , ddressxfec0000 GSI0-3
[   .0000] ACPI IT_SR_OR (bs  busrq 0loal_iq  dfldf)
  0.00000 ACP IT_SR_OR (b 0bbusir 9 glal_iq  lowevel)

[   0.0000] Usi ACP (ADT)or SP onfiurtionnfortion
[   0.000] sboot: llwing CPU,  hotug CUs
[  000000]PM: egsterd osav mmory [em 0000000-x000ff]
[  0.0000] P Regterenoave mory [em 0009f000x0009ff]
[  0.0000] P Rgisted nave emry:[m 0x00a000-x00eff]
[  0.0000] P: egisred osvemery: me 0x00f000-000fff]
[  0.0000] 820:mem 4000000xfefff] aaiable fr CI dices
[   000000] Boongpaavrtuaizd keel oKV
[   .000000]clcksoce: reind-jiies: sk 0xfffff mx_cyes 0xfffff mx_ide_s: 75596002168 ns
[  0.000] sep_pecp: NRPU:512 n_cpuskbbit:52 nrpu_i:2nr_ndeids:
   0.0000]PECPU:mbdded4 paescpu ff8800c0000099544 192 d328u10457
[   0.0000] V qsinock shtablentres 256order:0,096 yts)
   0.0000]Bult 1onlistin Ne rdermobiit groing .  Tot pges:5791
    .00000Poliy one:MA32
[   0.0000]Kenel mmanlie: BOTIMAGE=oo/vmliz-4.0-11geericoot=IDad9470-dd-336f359-24c4ca1d ro nsoltty1 csoe=tt0
[  0.0000] P has tble tres: 96 (de: 3, 368 byte)
[  .0000] Mory:9712K/4812 aailabe 8530 krnelod, 13K rwat, 39K rota, 08 ini 131 bs, 508K esered,  cmareered
[   00000] LUB: Hlign4, Ode=0-3MinOjets=0CPUs, odes1
[  0.00000]Kernl/ser pa tblesisolatn:enbld
[  0.000] HiarchialRCU plementin.
   0.000] 	Bil-tim ajustntof lf faou to .
[  .0000] 	RC rtricin CUsrom _CPU=52 tonrcpu_ds2.
   0.0000] R: djusng gmery forcu_fout_af=64,r_pu_is=
[   .00000] R_IRS:3024nrirqs40 1
    00000]Cosole clour A+ 80x
[   .0000] cnsle [y1] enbld
[  0.0000] csoe [tty] enbld
[  0.000000] tsc: Detected 1992.005 MHz processor
[   36.641112] Calibrating delay loop (skipped) preset value.. 3984.01 BogoMIPS (lpj=7968020)
[   36.844937] pid_max: default: 32768 minimum: 301
[   36.982096] ACPI: Core revision 20150930
[   37.044274] ACPI: 2 ACPI AML tables successfully acquired and loaded
[   37.197144] Security Framework initialized
[   37.306903] Yama: becoming mindful.
[   37.372718] AppArmor: AppArmor initialized
[   37.438798] Dentry cache hash table entries: 131072 (order: 8, 1048576 bytes)
[   37.605525] Inode-cache hash table entries: 65536 (order: 7, 524288 bytes)
[   37.745726] Mount-cache hash table entries: 2048 (order: 2, 16384 bytes)
[   37.941921] Mountpoint-cache hash table entries: 2048 (order: 2, 16384 bytes)
[   38.030966] Initializing cgroup subsys io
[   38.130250] Initializing cgroup subsys memory
[   38.259796] Initializing cgroup subsys devices
[   38.387469] Initializing cgroup subsys freezer
[   38.516897] Initializing cgroup subsys net_cls
[   38.640542] Initializing cgroup subsys perf_event
[   38.675410] Initializing cgroup subsys net_prio
[   38.676637] Initializing cgroup subsys hugetlb
[   38.677858] Initializing cgroup subsys pids
[   38.679141] CPU: Physical Processor ID: 0
[   38.680261] CPU: Processor Core ID: 0
[   38.681695] FEATURE SPEC_CTRL Not Present
[   38.799466] mce: CPU supports 0 MCE banks
[   38.933970] Last level iTLB entries: 4KB 64, 2MB 8, 4MB 8
[   39.079222] Last level dTLB entries: 4KB 64, 2MB 0, 4MB 0, 1GB 4
[   39.218651] Spectre V2 mitigation: Mitigation: Full generic retpoline
[   39.416850] Spectre V2 mitigation: Speculation control IBPB not-supported IBRS not-supported
[   39.518648] Freeing SMP alternatives memory: 32K
[   39.635877] ftrace: allocating 32186 entries in 126 pages
[   39.842588] smpboot: APIC(0) Converting physical 0 to logical package 0
[   40.027266] smpboot: Max logical packages: 1
[   40.117824] x2apic enabled
[   40.178548] Switched APIC routing to physical x2apic.
[   40.343760] ..TIMER: vector=0x30 apic1=0 pin1=2 apic2=-1 pin2=-1
[   40.522266] smpboot: CPU0: Intel(R) Core(TM) i3-6006U CPU @ 2.00GHz (family: 0x6, model: 0x4e, stepping: 0x3)
[   40.791528] Performance Events: unsupported p6 CPU model 78 no PMU driver, software events only.
[   41.026396] KVM setup paravirtual spinlock
[   41.147772] x86: Booting SMP configuration:
[   41.268671] .... node  #0, CPUs:      #1
[   41.396894] kvm-clock: cpu 1, msr 0:3ffe3041, secondary cpu clock
[   41.401748] mce: CPU supports 0 MCE banks
[   41.406176] x86: Booted up 1 node, 2 CPUs
[   41.515125] smpboot: Total of 2 processors activated (7968.02 BogoMIPS)
[   41.625330] devtmpfs: initialized
[   41.721661] evm: security.selinux
[   41.811166] evm: security.SMACK64
[   41.909288] evm: security.SMACK64EXEC
[   41.982902] evm: security.SMACK64TRANSMUTE
[   42.071246] evm: security.SMACK64MMAP
[   42.194885] evm: security.ima
[   42.240976] evm: security.capability
[   42.290527] clocksource: jiffies: mask: 0xffffffff max_cycles: 0xffffffff, max_idle_ns: 7645041785100000 ns
[   42.507871] futex hash table entries: 512 (order: 3, 32768 bytes)
[   42.553310] pinctrl core: initialized pinctrl subsystem
[   42.672994] RTC time: 18:03:49, date: 04/23/18
[   42.788151] NET: Registered protocol family 16
[   42.907580] cpuidle: using governor ladder
[   43.035179] cpuidle: using governor menu
[   43.147224] PCCT header not found.
[   43.243452] ACPI: bus type PCI registered
[   43.297682] acpiphp: ACPI Hot Plug PCI Controller Driver version: 0.5
[   43.450702] PCI: Using configuration type 1 for base access
[   43.596336] ACPI: Added _OSI(Module Device)
[   43.653754] ACPI: Added _OSI(Processor Device)
[   43.710830] ACPI: Added _OSI(3.0 _SCP Extensions)
[   43.791274] ACPI: Added _OSI(Processor Aggregator Device)
[   43.920869] ACPI: Executed 1 blocks of module-level executable AML code
[   44.090253] ACPI: Interpreter enabled
[   44.183787] ACPI: (supports S0 S5)
[   44.285741] ACPI: Using IOAPIC for interrupt routing
[   44.440130] PCI: Using host bridge windows from ACPI; if necessary, use "pci=nocrs" and report a bug
[   44.547783] ACPI: PCI Root Bridge [PCI0] (domain 0000 [bus 00-ff])
[   44.619997] acpi PNP0A03:00: _OSC: OS supports [ASPM ClockPM Segments MSI]
[   44.621692] acpi PNP0A03:00: _OSC: not requesting OS control; OS requires [ExtendedConfig ASPM ClockPM MSI]
[   44.798509] acpi PNP0A03:00: fail to add MMCONFIG information, can't access extended PCI configuration space under this bridge.
[   45.047305] PCI host bridge to bus 0000:00
[   45.137553] pci_bus 0000:00: root bus resource [io  0x0000-0x0cf7 window]
[   45.283910] pci_bus 0000:00: root bus resource [io  0x0d00-0xffff window]
[   45.442875] pci_bus 0000:00: root bus resource [mem 0x000a0000-0x000bffff window]
[   45.574685] pci_bus 0000:00: root bus resource [mem 0x40000000-0xfdffffff window]
[   45.735623] pci_bus 0000:00: root bus resource [bus 00-ff]
[   45.880860] pci 0000:00:01.1: legacy IDE quirk: reg 0x10: [io  0x01f0-0x01f7]
[   45.965282] pci 0000:00:01.1: legacy IDE quirk: reg 0x14: [io  0x03f6]
[   45.977667] pci 0000:00:01.1: legacy IDE quirk: reg 0x18: [io  0x0170-0x0177]
[   46.105559] pci 0000:00:01.1: legacy IDE quirk: reg 0x1c: [io  0x0376]
[   46.238974] pci 0000:00:07.0: quirk: [io  0x4000-0x403f] claimed by PIIX4 ACPI
[   46.312668] pci 0000:00:07.0: quirk: [io  0x4100-0x410f] claimed by PIIX4 SMB
[   46.415612] ACPI: PCI Interrupt Link [LNKA] (IRQs 5 9 10 *11)
[   46.560771] ACPI: PCI Interrupt Link [LNKB] (IRQs 5 9 *10 11)
[   46.721614] ACPI: PCI Interrupt Link [LNKC] (IRQs 5 *9 10 11)
[   46.874723] ACPI: PCI Interrupt Link [LNKD] (IRQs 5 9 10 *11)
[   47.028729] ACPI: Enabled 2 GPEs in block 00 to 07
[   47.148432] vgaarb: setting as boot device: PCI:0000:00:02.0
[   47.308313] vgaarb: device added: PCI:0000:00:02.0,decodes=io+mem,owns=io+mem,locks=none
[   47.406467] vgaarb: loaded
[   47.428904] vgaarb: bridge control possible 0000:00:02.0
[   47.578467] SCSI subsystem initialized
[   47.609193] ACPI: bus type USB registered
[   47.694936] usbcore: registered new interface driver usbfs
[   47.820663] usbcore: registered new interface driver hub
[   47.822059] usbcore: registered new device driver usb
[   47.873288] PCI: Using ACPI for IRQ routing
[   47.979895] NetLabel: Initializing
[   48.048161] NetLabel:  domain hash size = 128
[   48.156213] NetLabel:  protocols = UNLABELED CIPSOv4
[   48.250625] NetLabel:  unlabeled traffic allowed by default
[   48.252302] amd_nb: Cannot enumerate AMD northbridges
[   48.281365] clocksource: Switched to clocksource kvm-clock
[   8.002] ApAorAprm FesteEnle
[  49837pn P AI int
[ 49269]npPnAC: un3 vis
[   50.113215] clocksource: acpi_pm: mask: 0xffffff max_cycles: 0xffffff, max_idle_ns: 2085701024 ns
[   50.302888] NET: Registered protocol family 2
[   50.413406] TCP established hash table entries: 8192 (order: 4, 65536 bytes)
[   50.591999] TCP bind hash table entries: 8192 (order: 5, 131072 bytes)
[   50.757755] TCP: Hash tables configured (established 8192 bind 8192)
[   50.794118] UDP hash table entries: 512 (order: 2, 16384 bytes)
[   50.904899] UDP-Lite hash table entries: 512 (order: 2, 16384 bytes)
[   51.027632] NET: Registered protocol family 1
[   51.136543] pci 0000:00:00.0: Limiting direct PCI/PCI transfers
[   51.261149] pci 0000:00:01.0: Activating ISA DMA hang workarounds
[   51.392845] Unpacking initramfs...
[   51.782390] Freeing initrd memory: 15320K
[   51.809820] platform rtc_cmos: registered platform RTC device (no PNP device found)
[   51.993662] Scanning for low memory corruption every 60 seconds
[   52.025300] audit: initializing netlink subsys (disabled)
[   52.038933] audit: type=2000 audit(1524507478.448:1): initialized
[   52.047183] Initialise system trusted keyring
[   52.161347] HugeTLB registered 2 MB page size, pre-allocated 0 pages
[   52.336589] zbud: loaded
[   52.374719] VFS: Disk quotas dquot_6.6.0
[   52.418111] VFS: Dquot-cache hash table entries: 512 (order 0, 4096 bytes)
[   52.524497] squashfs: version 4.0 (2009/01/31) Phillip Lougher
[ 523303] seni(A vsi 73)[ 532905] c:efined SClosoucealbrti: 9028Hz
[   5.209 cloksrc t: sk0xffffffffaxycs:x33e96a2 max_iles:810508ns
[   5.272 K te big_kerestere
[   54.257742] Allocating IMA MOK and blacklist keyrings.
[   54.257996] Key type asymmetric registered
[   54.257998] Asymmetric key parser 'x509' registered
[   54.258042] Block layer SCSI generic (bsg) driver version 0.4 loaded (major 249)
[   54.258078] io scheduler noop registered
[   54.258081] io scheduler deadline registered (default)
[   54.258118] io scheduler cfq registered
[   54.258236] pci_hotplug: PCI Hot Plug PCI Core version: 0.5
[   54.258243] pciehp: PCI Express Hot Plug Controller Driver version: 0.4
[   54.258417] ACPI: AC Adapter [AC] (on-line)
[   54.258482] input: Power Button as /devices/LNXSYSTM:00/LNXPWRBN:00/input/input0
[   54.258486] ACPI: Power Button [PWRF]
[   54.258573] input: Sleep Button as /devices/LNXSYSTM:00/LNXSLPBN:00/input/input1
[   54.258576] ACPI: Sleep Button [SLPF]
[   54.258748] GHES: HEST is not enabled!
[   54.258851] Serial: 8250/16550 driver, 32 ports, IRQ sharing enabled
[   55.851206] 00:02: ttyS0 at I/O 0x3f8 (irq = 4, base_baud = 115200) is a 16550A
[   56.303668] Linux agpgart interface v0.103
[   56.375661] loop: module loaded
[   56.376342] scsi host0: ata_piix
[   56.376412] scsi host1: ata_piix
[   56.376452] ata1: PATA max UDMA/33 cmd 0x1f0 ctl 0x3f6 bmdma 0xd000 irq 14
[   56.376453] ata2: PATA max UDMA/33 cmd 0x170 ctl 0x376 bmdma 0xd008 irq 15
[   56.376545] libphy: Fixed MDIO Bus: probed
[   56.376548] tun: Universal TUN/TAP device driver, 1.6
[   56.376549] tun: (C) 1999-2004 Max Krasnyansky <maxk@qualcomm.com>
[   56.376596] PPP generic driver version 2.4.2
[   56.376656] ehci_hcd: USB 2.0 'Enhanced' Host Controller (EHCI) Driver
[   56.376661] ehci-pci: EHCI PCI platform driver
[   56.376672] ehci-platform: EHCI generic platform driver
[   56.376681] ohci_hcd: USB 1.1 'Open' Host Controller (OHCI) Driver
[   56.376685] ohci-pci: OHCI PCI platform driver
[   56.376695] ohci-platform: OHCI generic platform driver
[   56.376704] uhci_hcd: USB Universal Host Controller Interface driver
[   56.376767] i8042: PNP: PS/2 Controller [PNP0303:PS2K,PNP0f03:PS2M] at 0x60,0x64 irq 1,12
[   56.378053] ACPI: Battery Slot [BAT0] (battery present)
[   56.405079] serio: i8042 KBD port at 0x60,0x64 irq 1
[   56.405088] serio: i8042 AUX port at 0x60,0x64 irq 12
[   56.405302] mousedev: PS/2 mouse device common for all mice
[   56.405966] rtc_cmos rtc_cmos: rtc core: registered rtc_cmos as rtc0
[   56.406045] rtc_cmos rtc_cmos: alarms up to one day, 114 bytes nvram
[   56.406054] i2c /dev entries driver
[   56.406123] device-mapper: uevent: version 1.0.3
[   56.406188] device-mapper: ioctl: 4.34.0-ioctl (2015-10-28) initialised: dm-devel@redhat.com
[   56.406216] ledtrig-cpu: registered to indicate activity on CPUs
[   56.406575] NET: Registered protocol family 10
[   56.406826] NET: Registered protocol family 17
[   56.406840] Key type dns_resolver registered
[   56.422359] microcode: CPU0 sig=0x406e3, pf=0x2, revision=0x0
[   56.422394] microcode: CPU1 sig=0x406e3, pf=0x2, revision=0x0
[   56.422520] microcode: Microcode Update Driver: v2.01 <tigran@aivazian.fsnet.co.uk>, Peter Oruba
[   56.422872] registered taskstats version 1
[   56.422889] Loading compiled-in X.509 certificates
[   56.423842] Loaded X.509 cert 'Build time autogenerated kernel key: aa84f01984fbd529c105810b59e379d349698248'
[   56.423874] zswap: loaded using pool lzo/zbud
[   56.426299] Key type trusted registered
[   56.430548] Key type encrypted registered
[   56.430554] AppArmor: AppArmor sha1 policy hashing enabled
[   56.430558] ima: No TPM chip found, activating TPM-bypass!
[   56.430579] evm: HMAC attrs: 0x1
[   56.431165]   Magic number: 14:139:90
[   56.473174] rtc_cmos rtc_cmos: setting system clock to 2018-04-23 18:04:03 UTC (1524506643)
[   56.473350] BIOS EDD facility v0.16 2004-Jun-25, 0 devices found
[   56.473351] EDD information not available.
[   56.814740] input: AT Translated Set 2 keyboard as /devices/platform/i8042/serio0/input/input2
[   60.805032] Freeing unused kernel memory: 1508K
[   60.906702] Write protecting the kernel read-only data: 14336k
[   61.086018] Freeing unused kernel memory: 1700K
[   61.173865] Freeing unused kernel memory: 104K
Loading, please [   61.212298] random: systemd-udevd: uninitialized urandom read (16 bytes read, 7 bits of entropy available)
wait...
startin[   61.213147] random: udevadm: uninitialized urandom read (16 bytes read, 7 bits of entropy available)
g version 229
[   61.213209] random: udevadm: uninitialized urandom read (16 bytes read, 7 bits of entropy available)
[   61.229245] random: udevadm: uninitialized urandom read (16 bytes read, 7 bits of entropy available)
[   61.229322] random: udevadm: uninitialized urandom read (16 bytes read, 7 bits of entropy available)
[   61.229622] random: udevadm: uninitialized urandom read (16 bytes read, 7 bits of entropy available)
[   61.229710] random: udevadm: uninitialized urandom read (16 bytes read, 7 bits of entropy available)
[   61.229793] random: udevadm: uninitialized urandom read (16 bytes read, 7 bits of entropy available)
[   61.229902] random: udevadm: uninitialized urandom read (16 bytes read, 7 bits of entropy available)
[   61.229983] random: udevadm: uninitialized urandom read (16 bytes read, 7 bits of entropy available)
[   61.545896] e1000: Intel(R) PRO/1000 Network Driver - version 7.3.21-k8-NAPI
[   61.564357] e1000: Copyright (c) 1999-2006 Intel Corporation.
[   61.581068] Fusion MPT base driver 3.04.20
[   61.626898] Copyright (c) 1999-2008 LSI Corporation
[   61.674745] AVX2 version of gcm_enc/dec engaged.
[   61.721212] AES CTR mode by8 optimization enabled
[   61.765879] Fusion MPT SPI Host driver 3.04.20
[   61.779187] input: ImExPS/2 Generic Explorer Mouse as /devices/platform/i8042/serio1/input/input4
[   62.067449] e1000 0000:00:03.0 eth0: (PCI:33MHz:32-bit) 02:27:b7:20:75:f7
[   62.218257] e1000 0000:00:03.0 eth0: Intel(R) PRO/1000 Network Connection
[   62.298321] e1000 0000:00:03.0 enp0s3: renamed from eth0
[   62.410992] mptbase: ioc0: Initiating bringup
[   62.474021] ioc0: LSI53C1030 A0: Capabilities={Initiator}
[   62.657147] scsi host2: ioc0: LSI53C1030 A0, FwRev=00000000h, Ports=1, MaxQ=256, IRQ=20
[   62.775471] scsi 2:0:0:0: Direct-Access     VBOX     HARDDISK         1.0  PQ: 0 ANSI: 5
[   62.871103] scsi target2:0:0: Beginning Domain Validation
[   62.992193] scsi target2:0:0: Domain Validation skipping write tests
[   63.165887] scsi target2:0:0: Ending Domain Validation
[   63.287682] scsi target2:0:0: asynchronous
[   63.374959] scsi 2:0:1:0: Direct-Access     VBOX     HARDDISK         1.0  PQ: 0 ANSI: 5
[   63.531722] scsi target2:0:1: Beginning Domain Validation
[   63.592882] scsi target2:0:1: Domain Validation skipping write tests
[   63.681325] scsi target2:0:1: Ending Domain Validation
[   63.764819] scsi target2:0:1: asynchronous
[   63.888133] sd 2:0:0:0: [sda] 20971520 512-byte logical blocks: (10.7 GB/10.0 GiB)
[   63.888245] sd 2:0:0:0: Attached scsi generic sg0 type 0
[   63.971038] sd 2:0:1:0: Attached scsi generic sg1 type 0
[   64.046858] sd 2:0:1:0: [sdb] 20480 512-byte logical blocks: (10.5 MB/10.0 MiB)
[   64.047376] sd 2:0:0:0: [sda] Write Protect is off
[   64.047951] sd 2:0:0:0: [sda] Incomplete mode parameter data
[   64.047953] sd 2:0:0:0: [sda] Assuming drive cache: write through
[   64.129610] sd 2:0:1:0: [sdb] Write Protect is off
[   64.131254]  sda: sda1
[   64.161300] sd 2:0:0:0: [sda] Attached SCSI disk
[   64.313949] sd 2:0:1:0: [sdb] Incomplete mode parameter data
[   64.337171] sd 2:0:1:0: [sdb] Assuming drive cache: write through
[   64.366058] sd 2:0:1:0: [sdb] Attached SCSI disk
[   64.573926] floppy0: no floppy controllers found
Begin: Loading e[   66.166278] md: linear personality registered for level -1
ssential drivers[   66.256072] md: multipath personality registered for level -4
 ... [   66.406590] md: raid0 personality registered for level 0
[   66.511103] md: raid1 personality registered for level 1
[   66.669896] raid6: sse2x1   gen()  6290 MB/s
[   66.845611] raid6: sse2x1   xor()  5073 MB/s
[   67.030078] raid6: sse2x2   gen()  7894 MB/s
[   67.125419] raid6: sse2x2   xor()  5848 MB/s
[   67.289885] raid6: sse2x4   gen()  5780 MB/s
[   67.401986] raid6: sse2x4   xor()  5889 MB/s
[   67.557555] raid6: avx2x1   gen() 12000 MB/s
[   67.677381] raid6: avx2x2   gen() 12791 MB/s
[   67.810287] raid6: avx2x4   gen() 15705 MB/s
[   67.894249] raid6: using algorithm avx2x4 gen() 15705 MB/s
[   67.958224] raid6: using avx2x2 recovery algorithm
[   68.019796] xor: automatically using best checksumming function:
[   68.134108]    avx       : 11971.000 MB/sec
[   68.244592] async_tx: api initialized (async)
[   68.306150] md: raid6 personality registered for level 6
[   68.407563] md: raid5 personality registered for level 5
[   68.438999] md: raid4 personality registered for level 4
[   68.455408] md: raid10 personality registered for level 10
done.
Begin: Running /scripts/init-p[   68.542243] Btrfs loaded
remount ... done.
Begin: Mounting root file system ... Begin: R[   68.644434] EXT4-fs (sda1): mounted filesystem with ordered data mode. Opts: (null)
unning /scripts/local-top ... done.
Begin: Running /scripts/local-premount ... Scanning for Btrfs filesystems
done.
Warning: fsck not present, so skipping root file system
done.
Begin: Running /scripts/local-bottom ... done.
Begin: Running /scripts/init-bottom ... done.
[   69.470002] systemd[1]: systemd 229 running in system mode. (+PAM +AUDIT +SELINUX +IMA +APPARMOR +SMACK +SYSVINIT +UTMP +LIBCRYPTSETUP +GCRYPT +GNUTLS +ACL +XZ -LZ4 +SECCOMP +BLKID +ELFUTILS +KMOD -IDN)
[   69.785119] systemd[1]: Detected virtualization oracle.
[   69.847693] systemd[1]: Detected architecture x86-64.

Welcome to [1mUbuntu 16.04.4 LTS[0m!

[ 69945] sysem1]Sehoname to <ubuntu-xenial>
[   70.559221] random: nonblocking pool is initialized
[   70.713348] systemd[1]: Listening on LVM2 metadata daemon socket.
[[0;32m  OK  [0m] Listening on LVM2 metadata daemon socket.
[ 70900]ysmd1]Reche tget ap
[[0;32m  OK  [0m] Reached target Swap.
[  7157480] sstmd[1]: Rach tgeEnypd lues

[[0;32m  OK  [0m] Reached target Encrypted Volumes.
[   72.40454]ysem[1]: Ltengn Journal ck.
[[0;32m  OK  [0m] Listening on Journal Socket.
[ 73166]ysemd[: tartd igger resolvcof pde r netord DN.
[[0;32m  OK  [0m] Started Trigger resolvconf update for networkd DNS.
[ 738707syem1]Set p toun AitryxecublFi Fma Fe SyemAumont oit.
[[0;32m  OK  [0m] Set up automount Arbitrary Executab...ats File System Automount Point.
[ 7522914] systemd[1]: Listening on LVM2 poll daemon socket.
[[0;32m  OK  [0m] Listening on LVM2 poll daemon socket.
[ 75.869946] systemd[1]: stni oSyloSoet

[[0;32m  OK  [0m] Listening on Syslog Socket.
[ 764625] std[: Listeni oDeceapr endaonIFOs.
[[0;32m  OK  [0m] Listening on Device-mapper event daemon FIFOs.
[ 77553] systemd[1] Rch tgeUs a GupamLookup.
[[0;32m  OK  [0m] Reached target User and Group Name Lookups.
[  78826]system1] Lteng o/d/itc Cpaiblity Named Pip.
[[0;32m  OK  [0m] Listening on /dev/initctl Compatibility Named Pipe.
[   9.38] systemd[1] Creatd ic SteSle.
[[0;32m  OK  [0m] Created slice System Slice.
[   80.322837] systemd[1]: Starting Monitoring of LVM2 mirrors, snapshots etc. using dmeventd or progress polling...
         Starting Monitoring of LVM2 mirrors... dmeventd or progress polling...
[   80.582430] systemd[1]: Starting Remount Root and Kernel File Systems...
         Starting Remount[   80.703289] EXT4-fs (sda1): re-mounted. Opts: (null)
 Root and Kernel File Systems...
[   80.789898] systemd[1]: Starting Set console keymap...
         Starting Set console keymap...
[   80.978770] systemd[1]: Starting Load Kernel Modules...
         [   80.993441] Loading iSCSI transport class v2.0-870.
Starting Load Kernel Modules...[   81.075940] iscsi: registered transport (tcp)

[   81.221929] systemd[1]: Mounting Huge Pages File System...
         Mounting Huge Pa[   81.320500] iscsi: registered transport (iser)
ges File System...
[   82.457802] systemd[1]: Mounting Debug File System...
         Mounting Debug File System...
[   82.621837] systemd[1]: Starting Create list of required static device nodes for the current kernel...
         Starting Create list of required st... nodes for the current kernel...
[  82.8647 ste[1 Cat sceUseranSeioSle.
[[0;32m  OK  [0m] Created slice User and Session Slice.
[   3.8351 ste[1 Rch tge Slies.
 [[0;32m  OK  [0m] Reached target Slices.
[ 84.51414] std[]: Lstnig onud KneSoet

[[0;32m  OK  [0m] Listening on udev Kernel Socket.
[   85.355101] systemd[1]: Starting Nameserver information manager...
         Starting Nameserver information manager...
[ 85185] sstmd[1]: Listening on Journal Audit Socket.
[[0;32m  OK  [0m] Listening on Journal Audit Socket.
[   85.886238] systemd[1]: Starting Uncomplicated firewall...
         Starting Uncompl[   85.983247] ip_tables: (C) 2000-2006 Netfilter Core Team
icated firewall...
[   86.057560] nf_conntrack version 0.5.0 (7936 buckets, 31744 max)
[   86.138327] systemd[1]: Mounting POSIX Message Queue File System...
[   86.615]ip_tle: (C)0020 Nfilter Core Tem
         Mounting POSIX Message Queue File System...
[   86.781844] systemd[1]: Started Forward Password Requests to Wall Directory Watch.
[[0;32m  OK  [0m] Started Forward Password Requests to Wall Directory Watch.
[   86.957729] systemd[1]: Listening on Journal Socket (/dev/log).
[[0;32m  OK  [0m] Listening on Journal Socket (/dev/log).
[   87.161785] systemd[1]: Starting Journal Service...
         Starting Journal Service...
[ 87.327402syem1]: Rech targt System Time Synchronized.
[[0;32m  OK  [0m] Reached target System Time Synchronized.
[ 87.8788] systemd[1]: Listenig on ude Conro Ske
[[0;32m  OK  [0m] Listening on udev Control Socket.
[ 88.326682] syte[1 Catd ic system-erl\2dgettsle.
[[0;32m  OK  [0m] Created slice system-serial\x2dgetty.slice.
[   89.250486] systemd[1]: Mounted POSIX Message Queue File System.
[[0;32m  OK  [0m] Mounted POSIX Message Queue File System.
[   894811 ste[1: und Hue PgeFi Ste
[[0;32m  OK  [0m] Mounted Huge Pages File System.
[  90.3378 ste[1 Mounted Deug File System.
[[0;32m  OK  [0m] Mounted Debug File System.
[   0.08] stem[1 Sarte Jrn Srve.
[[0;32m  OK  [0m] Started Journal Service.
[[0;32m  OK  [0m] Started Remount Root and Kernel File Systems.
[[0;32m  OK  [0m] Started Set console keymap.
[[0;32m  OK  [0m] Started Load Kernel Modules.
[[0;32m  OK  [0m] Started Create list of required sta...ce nodes for the current kernel.
[[0;32m  OK  [0m] Started Uncomplicated firewall.
[[0;32m  OK  [0m] Started Nameserver information manager.
[[0;32m  OK  [0m] Started LVM2 metadata daemon.
         Starting Create Static Device Nodes in /dev...
         Starting Apply Kernel Variables...
         Mounting FUSE Control File System...
         Starting udev Coldplug all Devices...
         Starting Initial cloud-init job (pre-networking)...
         Starting Load/Save Random Seed...
         Starting Flush Journal to Persistent Storage...
[[0;32m  OK  [0m] Mounted FUSE Control File System.
[[0;32m  OK  [0m] Started Monitoring of LVM2 mirrors,...ng dmeventd or progress polling.
[[0;32m  OK  [0m] Started Create Static Device Nodes in /dev.
[[0;32m  OK  [0m] Started Apply Kernel Variables.
[[0;32m  OK  [0m] Started Load/Save Random Seed.
[[0;32m  OK  [0m] Started udev Coldplug all Devices.
[[0;32m  OK  [0m] Started Flush Journal to Persistent Storage.
         Starting udev Kernel Device Manager...
[[0;32m  OK  [0m] Started udev Kernel Device Manager.
[[0;32m  OK  [0m] Started Dispatch Password Requests to Console Directory Watch.
[[0;32m  OK  [0m] Reached target Local File Systems (Pre).
[[0;32m  OK  [0m] Reached target Local File Systems.
         Starting Create Volatile Files and Directories...
         Starting LSB: AppArmor initialization...
         Starting Tell Plymouth To Write Out Runtime Data...
         Starting Set console font and keymap...
[[0;32m  OK  [0m] Started Create Volatile Files and Directories.
[[0;32m  OK  [0m] Started Tell Plymouth To Write Out Runtime Data.
[   46.557858] cloud-init[526]: Cloud-init v. 17.2 running 'init-local' at Mon, 23 Apr 2018 18:04:40 +0000. Up 46.08 seconds.
[[0;32m  OK  [0m] Started Initial cloud-init job (pre-networking).
[[0;32m  OK  [0m] Found device /dev/ttyS0.
[[0;32m  OK  [0m] Started LSB: AppArmor initialization.
[[0;32m  OK  [0m] Listening on Load/Save RF Kill Switch Status /dev/rfkill Watch.
[[0;32m  OK  [0m] Reached target Network (Pre).
         Starting Raise network interfaces...
[[0;32m  OK  [0m] Started ifup for enp0s3.
         Starting Update UTMP about System Boot/Shutdown...
[[0;32m  OK  [0m] Started Set console font and keymap.
[[0;32m  OK  [0m] Started Update UTMP about System Boot/Shutdown.
[[0;32m  OK  [0m] Created slice system-getty.slice.
[[0;32m  OK  [0m] Started Raise network interfaces.
[[0;32m  OK  [0m] Reached target Network.
         Starting Initial cloud-init job (metadata service crawler)...
[   50.653773] cloud-init[1037]: Cloud-init v. 17.2 running 'init' at Mon, 23 Apr 2018 18:04:44 +0000. Up 50.17 seconds.
[   50.815366] [cloud-init[0;32m  OK  [0m[1037]: ] ci-info: +++++++++++++++++++++++++++++++++++++Net device info++++++++++++++++++++++++++++++++++++++Started Initial cloud-init job (metadata service crawler).

[   50.816318] cloud-init[1037]: ci-info: +--------+------+----------------------------+---------------+-------+-------------------+
[   51.160755] cloud-init[1037]: ci-info: | Device |  Up  |          Address           |      Mask     | Scope |     Hw-Address    |
[[0;32m  OK  [0m] Reached target Cloud-config availability.
[   51.161917] [cloud-init[0;32m  OK  [0m[1037]: ] ci-info: +--------+------+----------------------------+---------------+-------+-------------------+Reached target Network is Online.

[   51.349187] cloud-init[1037]: ci-info: | enp0s3 | True |         10.0.2.15          | 255.255.255.0 |   .   | 02:27:b7:20:75:f7 |
[   51.708966] cloud-init[1037]: ci-info: | enp0s3 | True | fe80::27:b7ff:fe20:75f7/64 |       .       |  link | 02:27:b7:20:75:f7 |
         Starting iSCSI initiator daemon (iscsid)...
[   51.873579] cloud-init[1037]: ci-info: |   lo   | True |         127.0.0.1          |   255.0.0.0   |   .   |         .         |
[[0;32m  OK  [0m] Reached target System Initialization.
[   51.932909] [cloud-init[0;32m  OK  [0m[1037]: ] ci-info: |   lo   | True |          ::1/128           |       .       |  host |         .         |Listening on UUID daemon activation socket.

[   52.114818] cloud-init[1037]: ci-info: +--------+------+----------------------------+---------------+-------+-------------------+
[[0;32m  OK  [0m] Started Timer to automatically refresh installed snaps.
[   52.539023] cloud-init[1037]: ci-info: +++++++++++++++++++++++++++Route IPv4 info++++++++++++++++++++++++++++
[   52.817897] [[0;32m  OK  [0m] Started Daily Cleanup of Temporary Directories.
cloud-init[1037]: ci-info: +-------+-------------+----------+---------------+-----------+-------+
[   53.072896] [cloud-init[0;32m  OK  [0m[1037]: ] ci-info: | Route | Destination | Gateway  |    Genmask    | Interface | Flags |Listening on ACPID Listen Socket.

[   53.276907] [cloud-init[0;32m  OK  [0m[1037]: ] ci-info: +-------+-------------+----------+---------------+-----------+-------+Started ACPI Events Check.

[   53.278306] [cloud-init[0;32m  OK  [0m[1037]: ] ci-info: |   0   |   0.0.0.0   | 10.0.2.2 |    0.0.0.0    |   enp0s3  |   UG  |Reached target Paths.

[   53.434527] cloud-init[1037]: ci-info: |   1   |   10.0.2.0  | 0.0.0.0  | 255.255.255.0 |   enp0s3  |   U   |
[   53.801523]          cloud-initStarting LXD - unix socket.[1037]: 
ci-info: +-------+-------------+----------+---------------+-----------+-------+
[[0;32m  OK  [0m] Listening on D-Bus System Message Bus Socket.
[[0;32m  OK  [0m] Started Daily apt download activities.
         Starting Socket activation for snappy daemon.
[[0;32m  OK  [0m] Started Daily apt upgrade and clean activities.
[[0;32m  OK  [0m] Reached target Timers.
[[0;32m  OK  [0m] Listening on LXD - unix socket.
[[0;32m  OK  [0m] Listening on Socket activation for snappy daemon.
[[0;32m  OK  [0m] Started iSCSI initiator daemon (iscsid).
         Starting Login to default iSCSI targets...
[[0;32m  OK  [0m] Reached target Sockets.
[[0;32m  OK  [0m] Reached target Basic System.
[[0;32m  OK  [0m] Started Regular background program processing daemon.
[[0;32m  OK  [0m] Started ACPI event daemon.
         Starting System Logging Service...
[[0;32m  OK  [0m] Started Unattended Upgrades Shutdown.
         Starting Login Service...
         Starting Accounts Service...
[[0;32m  OK  [0m] Started Deferred execution scheduler.
[[0;32m  OK  [0m] Started D-Bus System Message Bus.
         Starting LSB: MD monitoring daemon...
         Starting Virtualbox guest utils...
         Starting MySQL Community Server...
         Starting LSB: Record successful boot for GRUB...
[[0;32m  OK  [0m] Started FUSE filesystem for LXC.
         Starting OpenBSD Secure Shell server...
         Starting Snappy daemon...
         Starting Apply the settings specified in cloud-config...
         Starting /etc/rc.local Compatibility...
         Starting LXD - container startup/shutdown...
[[0;32m  OK  [0m] Started System Logging Service.
[[0;32m  OK  [0m] Started OpenBSD Secure Shell server.
[[0;32m  OK  [0m] Started Snappy daemon.
[[0;32m  OK  [0m] Started /etc/rc.local Compatibility.
[[0;32m  OK  [0m] Started Login to default iSCSI targets.
[[0;32m  OK  [0m] Started LXD - container startup/shutdown.
[[0;32m  OK  [0m] Started LSB: MD monitoring daemon.
[[0;32m  OK  [0m] Started LSB: Record successful boot for GRUB.
[[0;32m  OK  [0m] Started Virtualbox guest utils.
[[0;32m  OK  [0m] Started Login Service.
         Starting Authenticate and Authorize Users to Run Privileged Tasks...
[[0;32m  OK  [0m] Reached target Remote File Systems (Pre).
[[0;32m  OK  [0m] Reached target Remote File Systems.
         Starting LSB: automatic crash report generation...
         Starting LSB: daemon to balance interrupts for SMP systems...
         Starting Permit User Sessions...
[   56.641755] cloud-init[1157]: Cloud-init v. 17.2 running 'modules:config' at Mon, 23 Apr 2018 18:04:51 +0000. Up 56.44 seconds.
         Starting LSB: VirtualBox Linux kernel module...
         Starting LSB: Apache2 web server...
         Starting LSB: Set the CPU Frequency Scaling governor to "ondemand"...
[[0;32m  OK  [0m] Started Apply the settings specified in cloud-config.
[[0;32m  OK  [0m] Started Permit User Sessions.
[[0;32m  OK  [0m] Started MySQL Community Server.
[[0;32m  OK  [0m] Started Authenticate and Authorize Users to Run Privileged Tasks.
[[0;32m  OK  [0m] Started Accounts Service.
[[0;32m  OK  [0m] Started LSB: automatic crash report generation.
[[0;32m  OK  [0m] Started LSB: daemon to balance interrupts for SMM systems.
[[0;32m  OK  [0m] Started LSB: VirtualBox Linux kernel module.
         Starting Hold until boot process finishes up...
         Starting Terminate Plymouth Boot Screen...
[[0;32m  OK  [0m] Started LSB: Set the CPU Frequency Scaling governor to "ondemand".
[[0;32m  OK  [0m] Started Hold until boot process finishes up.
[[0;32m  OK  [0m] Started Terminate Plymouth Boot Screen.
         Starting Set console scheme...
[[0;32m  OK  [0m] Started Getty on tty1.
[[0;32m  OK  [0m] Started Serial Getty on ttyS0.
[[0;32m  OK  [0m] Reached target Login Prompts.
[[0;32m  OK  [0m] Started Set console scheme.
[[0;32m  OK  [0m] Started LSB: Apache2 web server.
[[0;32m  OK  [0m] Reached target Multi-User System.
[[0;32m  OK  [0m] Reached target Graphical Interface.
         Starting Execute cloud user/final scripts...
         Starting Update UTMP about System Runlevel Changes...
[[0;32m  OK  [0m] Started Update UTMP about System Runlevel Changes.
[   59.670576] cloud-init[1432]: Cloud-init v. 17.2 running 'modules:final' at Mon, 23 Apr 2018 18:04:54 +0000. Up 59.49 seconds.
[[0;32m  OK  [0m] Started Execute cloud user/final scripts.
[   59.803217] cloud-init[1432]: Cloud-init v. 17.2 finished at Mon, 23 Apr 2018 18:04:54 +0000. Datasource DataSourceNoCloud [seed=/dev/sdb][dsmode=net].  Up 59.66 seconds
[[0;32m  OK  [0m] Reached target Cloud-init target.

Ubuntu 16.04.4 LTS ubuntu-xenial ttyS0

ubuntu-xenial login: 